<html>
<body>
<pre>
<h1>µVision Build Log</h1>
<h2>Tool Versions:</h2>
IDE-Version: ¦ÌVision V5.37.0.0
Copyright (C) 2022 ARM Ltd and ARM Germany GmbH. All rights reserved.
License Information: niko wong, rd, LIC=TA39H-W92KA-GQI0H-WT506-ETB5S-T63YI
 
Tool Versions:
Toolchain:       MDK-ARM Professional  Version: 5.37.0.0
Toolchain Path:  D:\Keil_v5\ARM\ARMCC\Bin
C Compiler:      Armcc.exe V5.06 update 6 (build 750)
Assembler:       Armasm.exe V5.06 update 6 (build 750)
Linker/Locator:  ArmLink.exe V5.06 update 6 (build 750)
Library Manager: ArmAr.exe V5.06 update 6 (build 750)
Hex Converter:   FromElf.exe V5.06 update 6 (build 750)
CPU DLL:         SARMCM3.DLL V5.37.0.0
Dialog DLL:      DCM.DLL V1.17.5.0
Target DLL:      Segger\JL2CM3.dll V2.99.42.0
Dialog DLL:      TCM.DLL V1.56.1.0
 
<h2>Project:</h2>
E:\WHY-Work\05-Other\09-RN8209C\source\TestRN8209C\MDK-ARM\TestRN8209C.uvprojx
Project File Date:  03/05/2024

<h2>Output:</h2>
*** Using Compiler 'V5.06 update 6 (build 750)', folder: 'D:\Keil_v5\ARM\ARMCC\Bin'
Rebuild target 'TestRN8209C'
assembling startup_stm32f103xe.s...
compiling gpio.c...
compiling stm32f1xx_hal.c...
compiling stm32f1xx_it.c...
compiling dma.c...
compiling iwdg.c...
compiling stm32f1xx_hal_gpio_ex.c...
compiling tim.c...
compiling stm32f1xx_hal_iwdg.c...
compiling stm32f1xx_hal_rcc_ex.c...
compiling stm32f1xx_hal_msp.c...
compiling main.c...
compiling stm32f1xx_hal_gpio.c...
compiling spi.c...
compiling usart.c...
compiling stm32f1xx_hal_rcc.c...
compiling system_stm32f1xx.c...
compiling stm32f1xx_hal_exti.c...
compiling stm32f1xx_hal_cortex.c...
compiling stm32f1xx_hal_pwr.c...
compiling app_global.c...
compiling stm32f1xx_hal_flash.c...
compiling app_math.c...
compiling app_printf.c...
compiling app_init_variables.c...
compiling stm32f1xx_hal_flash_ex.c...
compiling stm32f1xx_hal_dma.c...
compiling stm32f1xx_hal_uart.c...
compiling stm32f1xx_hal_spi.c...
compiling stm32f1xx_hal_tim_ex.c...
compiling stm32f1xx_hal_tim.c...
compiling app_protocol_ydt1363.c...
compiling app_test.c...
compiling app_uart_rcv.c...
compiling V9240_calibrate.c...
compiling app_w25qxx.c...
..\App\Storage\app_w25qxx.c(110): warning:  #177-D: function "W25qxx_Write_Disable"  was declared but never referenced
  static void W25qxx_Write_Disable(void)
..\App\Storage\app_w25qxx.c: 1 warning, 0 errors
compiling app_storage_drv.c...
compiling app_storage.c...
compiling V9240_drv.c...
compiling app_storage_RN8209C.c...
compiling app_storage_V9240.c...
compiling app_responder_ydt.c...
..\App\Uart\app_responder_ydt.c(22): warning:  #550-D: variable "Idx1"  was set but never used
  	u16 Idx1 = 0;
..\App\Uart\app_responder_ydt.c: 1 warning, 0 errors
compiling app_led.c...
compiling app_tool.c...
compiling V9240_init.c...
..\App\V9240\V9240_init.c(9): warning:  #177-D: function "V9240_Set_Adc_Samp_Freq"  was declared but never referenced
  static void V9240_Set_Adc_Samp_Freq(void)
..\App\V9240\V9240_init.c(19): warning:  #177-D: function "V9240_Set_SysClk"  was declared but never referenced
  static void V9240_Set_SysClk(void)
..\App\V9240\V9240_init.c: 2 warnings, 0 errors
compiling V9240_main.c...
compiling V9240_read.c...
compiling V9240_reg.c...
compiling RN8209C_calibrate.c...
compiling RN8209C_drv.c...
compiling RN8209C_reg.c...
compiling RN8209C_init.c...
compiling RN8209C_main.c...
compiling RN8209C_read.c...
linking...
Program Size: Code=33196 RO-data=508 RW-data=60 ZI-data=13652  
FromELF: creating hex file...
"TestRN8209C\TestRN8209C.axf" - 0 Error(s), 4 Warning(s).

<h2>Software Packages used:</h2>

Package Vendor: ARM
                http://www.keil.com/pack/ARM.CMSIS.5.9.0.pack
                ARM.CMSIS.5.9.0
                CMSIS (Common Microcontroller Software Interface Standard)
   * Component: CORE Version: 5.6.0

Package Vendor: Keil
                http://www.keil.com/pack/Keil.STM32F1xx_DFP.2.4.0.pack
                Keil.STM32F1xx_DFP.2.4.0
                STMicroelectronics STM32F1 Series Device Support, Drivers and Examples

<h2>Collection of Component include folders:</h2>
  ./RTE/_TestRN8209C
  C:/Users/pc/AppData/Local/Arm/Packs/ARM/CMSIS/5.9.0/CMSIS/Core/Include
  C:/Users/pc/AppData/Local/Arm/Packs/Keil/STM32F1xx_DFP/2.4.0/Device/Include

<h2>Collection of Component Files used:</h2>

   * Component: ARM::CMSIS:CORE:5.6.0
      Include file:  CMSIS/Core/Include/tz_context.h
Build Time Elapsed:  00:00:12
</pre>
</body>
</html>
