Component: ARM Compiler 5.06 update 6 (build 750) Tool: armlink [4d35ed]

==============================================================================

Section Cross References

    startup_stm32f103xe.o(RESET) refers to startup_stm32f103xe.o(STACK) for __initial_sp
    startup_stm32f103xe.o(RESET) refers to startup_stm32f103xe.o(.text) for Reset_Handler
    startup_stm32f103xe.o(RESET) refers to stm32f1xx_it.o(i.NMI_Handler) for NMI_Handler
    startup_stm32f103xe.o(RESET) refers to stm32f1xx_it.o(i.HardFault_Handler) for HardFault_Handler
    startup_stm32f103xe.o(RESET) refers to stm32f1xx_it.o(i.MemManage_Handler) for MemManage_Handler
    startup_stm32f103xe.o(RESET) refers to stm32f1xx_it.o(i.BusFault_Handler) for BusFault_Handler
    startup_stm32f103xe.o(RESET) refers to stm32f1xx_it.o(i.UsageFault_Handler) for UsageFault_Handler
    startup_stm32f103xe.o(RESET) refers to stm32f1xx_it.o(i.SVC_Handler) for SVC_Handler
    startup_stm32f103xe.o(RESET) refers to stm32f1xx_it.o(i.DebugMon_Handler) for DebugMon_Handler
    startup_stm32f103xe.o(RESET) refers to stm32f1xx_it.o(i.PendSV_Handler) for PendSV_Handler
    startup_stm32f103xe.o(RESET) refers to stm32f1xx_it.o(i.SysTick_Handler) for SysTick_Handler
    startup_stm32f103xe.o(RESET) refers to stm32f1xx_it.o(i.DMA1_Channel2_IRQHandler) for DMA1_Channel2_IRQHandler
    startup_stm32f103xe.o(RESET) refers to stm32f1xx_it.o(i.DMA1_Channel3_IRQHandler) for DMA1_Channel3_IRQHandler
    startup_stm32f103xe.o(RESET) refers to stm32f1xx_it.o(i.DMA1_Channel4_IRQHandler) for DMA1_Channel4_IRQHandler
    startup_stm32f103xe.o(RESET) refers to stm32f1xx_it.o(i.DMA1_Channel5_IRQHandler) for DMA1_Channel5_IRQHandler
    startup_stm32f103xe.o(RESET) refers to stm32f1xx_it.o(i.DMA1_Channel6_IRQHandler) for DMA1_Channel6_IRQHandler
    startup_stm32f103xe.o(RESET) refers to stm32f1xx_it.o(i.DMA1_Channel7_IRQHandler) for DMA1_Channel7_IRQHandler
    startup_stm32f103xe.o(RESET) refers to stm32f1xx_it.o(i.USART1_IRQHandler) for USART1_IRQHandler
    startup_stm32f103xe.o(RESET) refers to stm32f1xx_it.o(i.USART2_IRQHandler) for USART2_IRQHandler
    startup_stm32f103xe.o(RESET) refers to stm32f1xx_it.o(i.USART3_IRQHandler) for USART3_IRQHandler
    startup_stm32f103xe.o(RESET) refers to stm32f1xx_it.o(i.TIM6_IRQHandler) for TIM6_IRQHandler
    startup_stm32f103xe.o(RESET) refers to stm32f1xx_it.o(i.TIM7_IRQHandler) for TIM7_IRQHandler
    startup_stm32f103xe.o(.text) refers to system_stm32f1xx.o(i.SystemInit) for SystemInit
    startup_stm32f103xe.o(.text) refers to entry.o(.ARM.Collect$$$$00000000) for __main
    main.o(i.SystemClock_Config) refers to memseta.o(.text) for __aeabi_memclr4
    main.o(i.SystemClock_Config) refers to stm32f1xx_hal_rcc.o(i.HAL_RCC_OscConfig) for HAL_RCC_OscConfig
    main.o(i.SystemClock_Config) refers to main.o(i.Error_Handler) for Error_Handler
    main.o(i.SystemClock_Config) refers to stm32f1xx_hal_rcc.o(i.HAL_RCC_ClockConfig) for HAL_RCC_ClockConfig
    main.o(i.main) refers to app_init_variables.o(i.Init_Variables) for Init_Variables
    main.o(i.main) refers to stm32f1xx_hal.o(i.HAL_Init) for HAL_Init
    main.o(i.main) refers to main.o(i.SystemClock_Config) for SystemClock_Config
    main.o(i.main) refers to gpio.o(i.MX_GPIO_Init) for MX_GPIO_Init
    main.o(i.main) refers to dma.o(i.MX_DMA_Init) for MX_DMA_Init
    main.o(i.main) refers to usart.o(i.MX_USART3_UART_Init) for MX_USART3_UART_Init
    main.o(i.main) refers to usart.o(i.MX_USART1_UART_Init) for MX_USART1_UART_Init
    main.o(i.main) refers to usart.o(i.MX_USART2_UART_Init) for MX_USART2_UART_Init
    main.o(i.main) refers to spi.o(i.MX_SPI2_Init) for MX_SPI2_Init
    main.o(i.main) refers to tim.o(i.MX_TIM7_Init) for MX_TIM7_Init
    main.o(i.main) refers to tim.o(i.MX_TIM6_Init) for MX_TIM6_Init
    main.o(i.main) refers to stm32f1xx_hal.o(i.HAL_Delay) for HAL_Delay
    main.o(i.main) refers to app_storage.o(i.Storage_Init) for Storage_Init
    main.o(i.main) refers to rn8209c_main.o(i.RN8209C_Handler) for RN8209C_Handler
    main.o(i.main) refers to v9240_main.o(i.V9240_Handler) for V9240_Handler
    main.o(i.main) refers to app_uart_rcv.o(i.Uart_Handler) for Uart_Handler
    main.o(i.main) refers to app_led.o(i.LED_Handler) for LED_Handler
    main.o(i.main) refers to app_storage.o(i.Storage_Handler) for Storage_Handler
    gpio.o(i.MX_GPIO_Init) refers to stm32f1xx_hal_gpio.o(i.HAL_GPIO_WritePin) for HAL_GPIO_WritePin
    gpio.o(i.MX_GPIO_Init) refers to stm32f1xx_hal_gpio.o(i.HAL_GPIO_Init) for HAL_GPIO_Init
    dma.o(i.MX_DMA_Init) refers to stm32f1xx_hal_cortex.o(i.HAL_NVIC_SetPriority) for HAL_NVIC_SetPriority
    dma.o(i.MX_DMA_Init) refers to stm32f1xx_hal_cortex.o(i.HAL_NVIC_EnableIRQ) for HAL_NVIC_EnableIRQ
    iwdg.o(i.MX_IWDG_Init) refers to stm32f1xx_hal_iwdg.o(i.HAL_IWDG_Init) for HAL_IWDG_Init
    iwdg.o(i.MX_IWDG_Init) refers to main.o(i.Error_Handler) for Error_Handler
    iwdg.o(i.MX_IWDG_Init) refers to iwdg.o(.bss) for hiwdg
[...]
    V9240_Init_SysCtrl                       0x08006ad1   Thumb Code    66  v9240_init.o(i.V9240_Init_SysCtrl)
    i.V9240_Init_U_Gain                      0x08006b18   Section        0  v9240_init.o(i.V9240_Init_U_Gain)
    V9240_Init_U_Gain                        0x08006b19   Thumb Code    32  v9240_init.o(i.V9240_Init_U_Gain)
    i.V9240_Init_U_Offset                    0x08006b40   Section        0  v9240_init.o(i.V9240_Init_U_Offset)
    V9240_Init_U_Offset                      0x08006b41   Thumb Code    34  v9240_init.o(i.V9240_Init_U_Offset)
    i.V9240_Parse_Cmd                        0x08006b6c   Section        0  v9240_reg.o(i.V9240_Parse_Cmd)
    i.V9240_Read_Handler                     0x08006c7c   Section        0  v9240_read.o(i.V9240_Read_Handler)
    i.V9240_Read_Reg                         0x08006f4c   Section        0  v9240_drv.o(i.V9240_Read_Reg)
    i.V9240_Reg_Value_2_Buf                  0x08006fb8   Section        0  v9240_reg.o(i.V9240_Reg_Value_2_Buf)
    i.V9240_Reset                            0x080071c4   Section        0  v9240_init.o(i.V9240_Reset)
    V9240_Reset                              0x080071c5   Thumb Code    18  v9240_init.o(i.V9240_Reset)
    i.V9240_Send                             0x080071e0   Section        0  v9240_drv.o(i.V9240_Send)
    V9240_Send                               0x080071e1   Thumb Code    88  v9240_drv.o(i.V9240_Send)
    i.V9240_Set_Calibrate_Func               0x08007244   Section        0  v9240_calibrate.o(i.V9240_Set_Calibrate_Func)
    i.V9240_Wait_Ack                         0x0800726c   Section        0  v9240_drv.o(i.V9240_Wait_Ack)
    V9240_Wait_Ack                           0x0800726d   Thumb Code   124  v9240_drv.o(i.V9240_Wait_Ack)
    i.V9240_Write_Reg                        0x080072ec   Section        0  v9240_drv.o(i.V9240_Write_Reg)
    i.W25qxx_Check_Busy                      0x08007374   Section        0  app_w25qxx.o(i.W25qxx_Check_Busy)
    W25qxx_Check_Busy                        0x08007375   Thumb Code    24  app_w25qxx.o(i.W25qxx_Check_Busy)
    i.W25qxx_Erase_Sector                    0x0800738c   Section        0  app_w25qxx.o(i.W25qxx_Erase_Sector)
    i.W25qxx_Get_Data                        0x080073cc   Section        0  app_w25qxx.o(i.W25qxx_Get_Data)
    W25qxx_Get_Data                          0x080073cd   Thumb Code    28  app_w25qxx.o(i.W25qxx_Get_Data)
    i.W25qxx_Init                            0x080073e8   Section        0  app_w25qxx.o(i.W25qxx_Init)
    i.W25qxx_Init_Variables                  0x080073f4   Section        0  app_w25qxx.o(i.W25qxx_Init_Variables)
    W25qxx_Init_Variables                    0x080073f5   Thumb Code    28  app_w25qxx.o(i.W25qxx_Init_Variables)
    i.W25qxx_Read                            0x08007414   Section        0  app_w25qxx.o(i.W25qxx_Read)
    i.W25qxx_ReadWrite_Byte                  0x08007450   Section        0  app_w25qxx.o(i.W25qxx_ReadWrite_Byte)
    W25qxx_ReadWrite_Byte                    0x08007451   Thumb Code    32  app_w25qxx.o(i.W25qxx_ReadWrite_Byte)
    i.W25qxx_Read_Reg                        0x08007474   Section        0  app_w25qxx.o(i.W25qxx_Read_Reg)
    W25qxx_Read_Reg                          0x08007475   Thumb Code    50  app_w25qxx.o(i.W25qxx_Read_Reg)
    i.W25qxx_Send_Addr                       0x080074ac   Section        0  app_w25qxx.o(i.W25qxx_Send_Addr)
    W25qxx_Send_Addr                         0x080074ad   Thumb Code    28  app_w25qxx.o(i.W25qxx_Send_Addr)
    i.W25qxx_Send_Cmd                        0x080074c8   Section        0  app_w25qxx.o(i.W25qxx_Send_Cmd)
    W25qxx_Send_Cmd                          0x080074c9   Thumb Code    12  app_w25qxx.o(i.W25qxx_Send_Cmd)
    i.W25qxx_Send_Data                       0x080074d4   Section        0  app_w25qxx.o(i.W25qxx_Send_Data)
    W25qxx_Send_Data                         0x080074d5   Thumb Code    26  app_w25qxx.o(i.W25qxx_Send_Data)
    i.W25qxx_Wait_Busy                       0x080074f0   Section        0  app_w25qxx.o(i.W25qxx_Wait_Busy)
    W25qxx_Wait_Busy                         0x080074f1   Thumb Code    56  app_w25qxx.o(i.W25qxx_Wait_Busy)
    i.W25qxx_Write                           0x0800752c   Section        0  app_w25qxx.o(i.W25qxx_Write)
    i.W25qxx_Write_Enable                    0x080075f8   Section        0  app_w25qxx.o(i.W25qxx_Write_Enable)
    W25qxx_Write_Enable                      0x080075f9   Thumb Code    32  app_w25qxx.o(i.W25qxx_Write_Enable)
    i.W25qxx_Write_Page                      0x0800761c   Section        0  app_w25qxx.o(i.W25qxx_Write_Page)
    W25qxx_Write_Page                        0x0800761d   Thumb Code    94  app_w25qxx.o(i.W25qxx_Write_Page)
    i.W25qxx_Write_Sector                    0x08007680   Section        0  app_w25qxx.o(i.W25qxx_Write_Sector)
    W25qxx_Write_Sector                      0x08007681   Thumb Code   112  app_w25qxx.o(i.W25qxx_Write_Sector)
    i.__ARM_fpclassify                       0x080076f0   Section        0  fpclassify.o(i.__ARM_fpclassify)
    i.__NVIC_GetPriorityGrouping             0x08007718   Section        0  stm32f1xx_hal_cortex.o(i.__NVIC_GetPriorityGrouping)
    __NVIC_GetPriorityGrouping               0x08007719   Thumb Code    10  stm32f1xx_hal_cortex.o(i.__NVIC_GetPriorityGrouping)
    i.__NVIC_SetPriority                     0x08007728   Section        0  stm32f1xx_hal_cortex.o(i.__NVIC_SetPriority)
    __NVIC_SetPriority                       0x08007729   Thumb Code    32  stm32f1xx_hal_cortex.o(i.__NVIC_SetPriority)
    i.__kernel_poly                          0x08007750   Section        0  poly.o(i.__kernel_poly)
    i.__mathlib_dbl_divzero                  0x080077fc   Section        0  dunder.o(i.__mathlib_dbl_divzero)
    i.__mathlib_dbl_infnan2                  0x0800780c   Section        0  dunder.o(i.__mathlib_dbl_infnan2)
    i.__mathlib_dbl_invalid                  0x08007810   Section        0  dunder.o(i.__mathlib_dbl_invalid)
    i.__mathlib_dbl_overflow                 0x0800781c   Section        0  dunder.o(i.__mathlib_dbl_overflow)
    i.__mathlib_dbl_underflow                0x0800782c   Section        0  dunder.o(i.__mathlib_dbl_underflow)
    i.__scatterload_copy                     0x0800783c   Section       14  handlers.o(i.__scatterload_copy)
    i.__scatterload_null                     0x0800784a   Section        2  handlers.o(i.__scatterload_null)
    i.__scatterload_zeroinit                 0x0800784c   Section       14  handlers.o(i.__scatterload_zeroinit)
    i.__set_errno                            0x0800785c   Section        0  errno.o(i.__set_errno)
    i.main                                   0x08007868   Section        0  main.o(i.main)
    i.pow                                    0x080078b8   Section        0  pow.o(i.pow)
    i.sqrt                                   0x08008290   Section        0  sqrt.o(i.sqrt)
    .constdata                               0x080082dc   Section       24  system_stm32f1xx.o(.constdata)
    .constdata                               0x080082f8   Section      136  pow.o(.constdata)
    bp                                       0x080082f8   Data          16  pow.o(.constdata)
    dp_h                                     0x08008308   Data          16  pow.o(.constdata)
    dp_l                                     0x08008318   Data          16  pow.o(.constdata)
    L                                        0x08008328   Data          48  pow.o(.constdata)
    P                                        0x08008358   Data          40  pow.o(.constdata)
    .constdata                               0x08008380   Section        8  qnan.o(.constdata)
    .data                                    0x20000000   Section        9  stm32f1xx_hal.o(.data)
    .data                                    0x2000000c   Section        4  system_stm32f1xx.o(.data)
    .data                                    0x20000010   Section        2  app_protocol_ydt1363.o(.data)
    .data                                    0x20000014   Section        8  app_storage_drv.o(.data)
    StorageAddr                              0x20000014   Data           8  app_storage_drv.o(.data)
    .data                                    0x2000001c   Section        8  v9240_calibrate.o(.data)
    .data                                    0x20000024   Section        1  v9240_main.o(.data)
    .data                                    0x20000028   Section        4  v9240_reg.o(.data)
    .data                                    0x2000002c   Section        8  rn8209c_calibrate.o(.data)
    .data                                    0x20000034   Section        1  rn8209c_main.o(.data)
    .data                                    0x20000036   Section        2  rn8209c_reg.o(.data)
    .data                                    0x20000038   Section        4  errno.o(.data)
    _errno                                   0x20000038   Data           4  errno.o(.data)
    .bss                                     0x2000003c   Section       88  spi.o(.bss)
    .bss                                     0x20000094   Section      144  tim.o(.bss)
    .bss                                     0x20000124   Section     1480  usart.o(.bss)
    .bss                                     0x200006ec   Section       12  app_test.o(.bss)
    .bss                                     0x200006f8   Section       20  app_uart_rcv.o(.bss)
    .bss                                     0x2000070c   Section       84  app_storage.o(.bss)
    Storage                                  0x2000070c   Data          84  app_storage.o(.bss)
    .bss                                     0x20000760   Section       12  app_w25qxx.o(.bss)
    .bss                                     0x2000076c   Section      108  app_storage_v9240.o(.bss)
    .bss                                     0x200007d8   Section      176  app_storage_rn8209c.o(.bss)
    .bss                                     0x20000888   Section       24  app_led.o(.bss)
    Led                                      0x20000888   Data          24  app_led.o(.bss)
    .bss                                     0x200008a0   Section       44  v9240_read.o(.bss)
    .bss                                     0x200008cc   Section      188  v9240_reg.o(.bss)
    .bss                                     0x20000988   Section       68  rn8209c_calibrate.o(.bss)
    RN8209C_Calibrate_DC_Offset_Prev         0x20000988   Data          68  rn8209c_calibrate.o(.bss)
    .bss                                     0x200009d0   Section     1844  rn8209c_read.o(.bss)
    .bss                                     0x20001104   Section      140  rn8209c_reg.o(.bss)
    STACK                                    0x20001190   Section     9216  startup_stm32f103xe.o(STACK)

    Global Symbols

    Symbol Name                              Value     Ov Type        Size  Object(Section)

    BuildAttributes$$THM_ISAv4$P$D$K$B$S$PE$A:L22UL41UL21$X:L11$S22US41US21$IEEE1$IW$USESV6$~STKCKD$USESV7$~SHL$OTIME$ROPI$IEEEX$EBA8$MICROLIB$REQ8$PRES8$EABIv2 0x00000000   Number         0  anon$$obj.o ABSOLUTE
    __ARM_use_no_argv                        0x00000000   Number         0  main.o ABSOLUTE
    __cpp_initialize__aeabi_                  - Undefined Weak Reference
    __cxa_finalize                            - Undefined Weak Reference
    __decompress                              - Undefined Weak Reference
    _clock_init                               - Undefined Weak Reference
    _microlib_exit                            - Undefined Weak Reference
    __Vectors_Size                           0x00000130   Number         0  startup_stm32f103xe.o ABSOLUTE
    __Vectors                                0x08000000   Data           4  startup_stm32f103xe.o(RESET)
    __Vectors_End                            0x08000130   Data           0  startup_stm32f103xe.o(RESET)
    __main                                   0x08000131   Thumb Code     0  entry.o(.ARM.Collect$$$$00000000)
    _main_stk                                0x08000131   Thumb Code     0  entry2.o(.ARM.Collect$$$$00000001)
    _main_scatterload                        0x08000135   Thumb Code     0  entry5.o(.ARM.Collect$$$$00000004)
    __main_after_scatterload                 0x08000139   Thumb Code     0  entry5.o(.ARM.Collect$$$$00000004)
    _main_clock                              0x08000139   Thumb Code     0  entry7b.o(.ARM.Collect$$$$00000008)
    _main_cpp_init                           0x08000139   Thumb Code     0  entry8b.o(.ARM.Collect$$$$0000000A)
    _main_init                               0x08000139   Thumb Code     0  entry9a.o(.ARM.Collect$$$$0000000B)
    __rt_final_cpp                           0x08000141   Thumb Code     0  entry10a.o(.ARM.Collect$$$$0000000D)
    __rt_final_exit                          0x08000141   Thumb Code     0  entry11a.o(.ARM.Collect$$$$0000000F)
    Reset_Handler                            0x08000145   Thumb Code     8  startup_stm32f103xe.o(.text)
    ADC1_2_IRQHandler                        0x0800015f   Thumb Code     0  startup_stm32f103xe.o(.text)
    ADC3_IRQHandler                          0x0800015f   Thumb Code     0  startup_stm32f103xe.o(.text)
    CAN1_RX1_IRQHandler                      0x0800015f   Thumb Code     0  startup_stm32f103xe.o(.text)
    CAN1_SCE_IRQHandler                      0x0800015f   Thumb Code     0  startup_stm32f103xe.o(.text)
    DMA1_Channel1_IRQHandler                 0x0800015f   Thumb Code     0  startup_stm32f103xe.o(.text)
    DMA2_Channel1_IRQHandler                 0x0800015f   Thumb Code     0  startup_stm32f103xe.o(.text)
    DMA2_Channel2_IRQHandler                 0x0800015f   Thumb Code     0  startup_stm32f103xe.o(.text)
    DMA2_Channel3_IRQHandler                 0x0800015f   Thumb Code     0  startup_stm32f103xe.o(.text)
    DMA2_Channel4_5_IRQHandler               0x0800015f   Thumb Code     0  startup_stm32f103xe.o(.text)
    EXTI0_IRQHandler                         0x0800015f   Thumb Code     0  startup_stm32f103xe.o(.text)
    EXTI15_10_IRQHandler                     0x0800015f   Thumb Code     0  startup_stm32f103xe.o(.text)
    EXTI1_IRQHandler                         0x0800015f   Thumb Code     0  startup_stm32f103xe.o(.text)
    EXTI2_IRQHandler                         0x0800015f   Thumb Code     0  startup_stm32f103xe.o(.text)
    EXTI3_IRQHandler                         0x0800015f   Thumb Code     0  startup_stm32f103xe.o(.text)
    EXTI4_IRQHandler                         0x0800015f   Thumb Code     0  startup_stm32f103xe.o(.text)
    EXTI9_5_IRQHandler                       0x0800015f   Thumb Code     0  startup_stm32f103xe.o(.text)
    FLASH_IRQHandler                         0x0800015f   Thumb Code     0  startup_stm32f103xe.o(.text)
    FSMC_IRQHandler                          0x0800015f   Thumb Code     0  startup_stm32f103xe.o(.text)
    I2C1_ER_IRQHandler                       0x0800015f   Thumb Code     0  startup_stm32f103xe.o(.text)
    I2C1_EV_IRQHandler                       0x0800015f   Thumb Code     0  startup_stm32f103xe.o(.text)
    I2C2_ER_IRQHandler                       0x0800015f   Thumb Code     0  startup_stm32f103xe.o(.text)
    I2C2_EV_IRQHandler                       0x0800015f   Thumb Code     0  startup_stm32f103xe.o(.text)
    PVD_IRQHandler                           0x0800015f   Thumb Code     0  startup_stm32f103xe.o(.text)
    RCC_IRQHandler                           0x0800015f   Thumb Code     0  startup_stm32f103xe.o(.text)
    RTC_Alarm_IRQHandler                     0x0800015f   Thumb Code     0  startup_stm32f103xe.o(.text)
    RTC_IRQHandler                           0x0800015f   Thumb Code     0  startup_stm32f103xe.o(.text)
    SDIO_IRQHandler                          0x0800015f   Thumb Code     0  startup_stm32f103xe.o(.text)
    SPI1_IRQHandler                          0x0800015f   Thumb Code     0  startup_stm32f103xe.o(.text)
    SPI2_IRQHandler                          0x0800015f   Thumb Code     0  startup_stm32f103xe.o(.text)
    SPI3_IRQHandler                          0x0800015f   Thumb Code     0  startup_stm32f103xe.o(.text)
    TAMPER_IRQHandler                        0x0800015f   Thumb Code     0  startup_stm32f103xe.o(.text)
    TIM1_BRK_IRQHandler                      0x0800015f   Thumb Code     0  startup_stm32f103xe.o(.text)
    TIM1_CC_IRQHandler                       0x0800015f   Thumb Code     0  startup_stm32f103xe.o(.text)
    TIM1_TRG_COM_IRQHandler                  0x0800015f   Thumb Code     0  startup_stm32f103xe.o(.text)
    TIM1_UP_IRQHandler                       0x0800015f   Thumb Code     0  startup_stm32f103xe.o(.text)
    TIM2_IRQHandler                          0x0800015f   Thumb Code     0  startup_stm32f103xe.o(.text)
    TIM3_IRQHandler                          0x0800015f   Thumb Code     0  startup_stm32f103xe.o(.text)
    TIM4_IRQHandler                          0x0800015f   Thumb Code     0  startup_stm32f103xe.o(.text)
    TIM5_IRQHandler                          0x0800015f   Thumb Code     0  startup_stm32f103xe.o(.text)
    TIM8_BRK_IRQHandler                      0x0800015f   Thumb Code     0  startup_stm32f103xe.o(.text)
    TIM8_CC_IRQHandler                       0x0800015f   Thumb Code     0  startup_stm32f103xe.o(.text)
    TIM8_TRG_COM_IRQHandler                  0x0800015f   Thumb Code     0  startup_stm32f103xe.o(.text)
    TIM8_UP_IRQHandler                       0x0800015f   Thumb Code     0  startup_stm32f103xe.o(.text)
    UART4_IRQHandler                         0x0800015f   Thumb Code     0  startup_stm32f103xe.o(.text)
    UART5_IRQHandler                         0x0800015f   Thumb Code     0  startup_stm32f103xe.o(.text)
    USBWakeUp_IRQHandler                     0x0800015f   Thumb Code     0  startup_stm32f103xe.o(.text)
    USB_HP_CAN1_TX_IRQHandler                0x0800015f   Thumb Code     0  startup_stm32f103xe.o(.text)
    USB_LP_CAN1_RX0_IRQHandler               0x0800015f   Thumb Code     0  startup_stm32f103xe.o(.text)
    WWDG_IRQHandler                          0x0800015f   Thumb Code     0  startup_stm32f103xe.o(.text)
    __aeabi_uldivmod                         0x08000169   Thumb Code    98  uldiv.o(.text)
    __aeabi_ldivmod                          0x080001cb   Thumb Code    98  ldiv.o(.text)
    __aeabi_llsr                             0x0800022d   Thumb Code    32  llushr.o(.text)
    _ll_ushift_r                             0x0800022d   Thumb Code     0  llushr.o(.text)
    toupper                                  0x0800024d   Thumb Code    12  toupper.o(.text)
    __aeabi_memcpy                           0x08000259   Thumb Code    36  memcpya.o(.text)
    __aeabi_memcpy4                          0x08000259   Thumb Code     0  memcpya.o(.text)
    __aeabi_memcpy8                          0x08000259   Thumb Code     0  memcpya.o(.text)
    __aeabi_memset                           0x0800027d   Thumb Code    14  memseta.o(.text)
    __aeabi_memset4                          0x0800027d   Thumb Code     0  memseta.o(.text)
    __aeabi_memset8                          0x0800027d   Thumb Code     0  memseta.o(.text)
    __aeabi_memclr                           0x0800028b   Thumb Code     4  memseta.o(.text)
    __aeabi_memclr4                          0x0800028b   Thumb Code     0  memseta.o(.text)
    __aeabi_memclr8                          0x0800028b   Thumb Code     0  memseta.o(.text)
    _memset$wrapper                          0x0800028f   Thumb Code    18  memseta.o(.text)
    __aeabi_fadd                             0x080002a1   Thumb Code   164  fadd.o(.text)
    __aeabi_fsub                             0x08000345   Thumb Code     6  fadd.o(.text)
    __aeabi_frsub                            0x0800034b   Thumb Code     6  fadd.o(.text)
    __aeabi_fmul                             0x08000351   Thumb Code   100  fmul.o(.text)
    __aeabi_fdiv                             0x080003b5   Thumb Code   124  fdiv.o(.text)
    __aeabi_dadd                             0x08000431   Thumb Code   322  dadd.o(.text)
    __aeabi_dsub                             0x08000573   Thumb Code     6  dadd.o(.text)
    __aeabi_drsub                            0x08000579   Thumb Code     6  dadd.o(.text)
    __aeabi_dmul                             0x0800057f   Thumb Code   228  dmul.o(.text)
    __aeabi_ddiv                             0x08000663   Thumb Code   222  ddiv.o(.text)
    __aeabi_i2f                              0x08000741   Thumb Code    18  fflti.o(.text)
    __aeabi_ui2f                             0x08000753   Thumb Code    10  ffltui.o(.text)
    __aeabi_i2d                              0x0800075d   Thumb Code    34  dflti.o(.text)
    __aeabi_ui2d                             0x0800077f   Thumb Code    26  dfltui.o(.text)
    __aeabi_ul2d                             0x08000799   Thumb Code    24  dfltul.o(.text)
    __aeabi_f2iz                             0x080007b1   Thumb Code    50  ffixi.o(.text)
    __aeabi_f2uiz                            0x080007e3   Thumb Code    40  ffixui.o(.text)
    __aeabi_d2uiz                            0x0800080b   Thumb Code    50  dfixui.o(.text)
    __aeabi_f2d                              0x0800083d   Thumb Code    38  f2d.o(.text)
    __aeabi_cdrcmple                         0x08000865   Thumb Code    48  cdrcmple.o(.text)
    __aeabi_d2f                              0x08000895   Thumb Code    56  d2f.o(.text)
    __aeabi_cfcmpeq                          0x080008cd   Thumb Code     0  cfcmple.o(.text)
    __aeabi_cfcmple                          0x080008cd   Thumb Code    20  cfcmple.o(.text)
    __aeabi_cfrcmple                         0x080008e1   Thumb Code    20  cfrcmple.o(.text)
    __aeabi_llsl                             0x080008f5   Thumb Code    30  llshl.o(.text)
    _ll_shift_l                              0x080008f5   Thumb Code     0  llshl.o(.text)
    __aeabi_lasr                             0x08000913   Thumb Code    36  llsshr.o(.text)
    _ll_sshift_r                             0x08000913   Thumb Code     0  llsshr.o(.text)
    __I$use$fp                               0x08000937   Thumb Code     0  iusefp.o(.text)
    _float_round                             0x08000937   Thumb Code    18  fepilogue.o(.text)
    _float_epilogue                          0x08000949   Thumb Code    92  fepilogue.o(.text)
    _double_round                            0x080009a5   Thumb Code    30  depilogue.o(.text)
    _double_epilogue                         0x080009c3   Thumb Code   156  depilogue.o(.text)
    __ARM_scalbn                             0x08000a5f   Thumb Code    46  dscalb.o(.text)
    scalbn                                   0x08000a5f   Thumb Code     0  dscalb.o(.text)
    _dsqrt                                   0x08000a8d   Thumb Code   162  dsqrt.o(.text)
    __scatterload                            0x08000b31   Thumb Code    28  init.o(.text)
    __scatterload_rt2                        0x08000b31   Thumb Code     0  init.o(.text)
    Ascii2Hex                                0x08000b55   Thumb Code   110  app_tool.o(i.Ascii2Hex)
    BusFault_Handler                         0x08000bc3   Thumb Code     4  stm32f1xx_it.o(i.BusFault_Handler)
    Check_Protocol_YDT                       0x08000bd5   Thumb Code   274  app_protocol_ydt1363.o(i.Check_Protocol_YDT)
    Check_Storage_Save_Task                  0x08000d25   Thumb Code    30  app_storage.o(i.Check_Storage_Save_Task)
    Check_Sum                                0x08000d57   Thumb Code    30  app_tool.o(i.Check_Sum)
    Check_Sum_Len                            0x08000d75   Thumb Code    70  app_tool.o(i.Check_Sum_Len)
    DMA1_Channel2_IRQHandler                 0x08000dcd   Thumb Code    10  stm32f1xx_it.o(i.DMA1_Channel2_IRQHandler)
    DMA1_Channel3_IRQHandler                 0x08000ddd   Thumb Code    10  stm32f1xx_it.o(i.DMA1_Channel3_IRQHandler)
    DMA1_Channel4_IRQHandler                 0x08000ded   Thumb Code    10  stm32f1xx_it.o(i.DMA1_Channel4_IRQHandler)
    DMA1_Channel5_IRQHandler                 0x08000dfd   Thumb Code    10  stm32f1xx_it.o(i.DMA1_Channel5_IRQHandler)
    DMA1_Channel6_IRQHandler                 0x08000e0d   Thumb Code    10  stm32f1xx_it.o(i.DMA1_Channel6_IRQHandler)
    DMA1_Channel7_IRQHandler                 0x08000e1d   Thumb Code    10  stm32f1xx_it.o(i.DMA1_Channel7_IRQHandler)
    DebugMon_Handler                         0x08000e59   Thumb Code     2  stm32f1xx_it.o(i.DebugMon_Handler)
    Error_Handler                            0x08000e5b   Thumb Code     6  main.o(i.Error_Handler)
    Float_To_DataBuf                         0x08000e61   Thumb Code   130  app_tool.o(i.Float_To_DataBuf)
    Get_RN8209C_Main_State                   0x08000ee9   Thumb Code     6  rn8209c_main.o(i.Get_RN8209C_Main_State)
    Get_V9240_Main_State                     0x08000ef5   Thumb Code     6  v9240_main.o(i.Get_V9240_Main_State)
    HAL_DMA_Abort                            0x08000f01   Thumb Code    86  stm32f1xx_hal_dma.o(i.HAL_DMA_Abort)
    HAL_DMA_Abort_IT                         0x08000f59   Thumb Code   414  stm32f1xx_hal_dma.o(i.HAL_DMA_Abort_IT)
    HAL_DMA_GetError                         0x08001101   Thumb Code     6  stm32f1xx_hal_dma.o(i.HAL_DMA_GetError)
    HAL_DMA_IRQHandler                       0x08001109   Thumb Code   910  stm32f1xx_hal_dma.o(i.HAL_DMA_IRQHandler)
    HAL_DMA_Init                             0x080014a1   Thumb Code   132  stm32f1xx_hal_dma.o(i.HAL_DMA_Init)
    HAL_DMA_Start_IT                         0x0800152d   Thumb Code   156  stm32f1xx_hal_dma.o(i.HAL_DMA_Start_IT)
    HAL_Delay                                0x080015c9   Thumb Code    36  stm32f1xx_hal.o(i.HAL_Delay)
    HAL_GPIO_Init                            0x080015f1   Thumb Code   792  stm32f1xx_hal_gpio.o(i.HAL_GPIO_Init)
    HAL_GPIO_TogglePin                       0x08001931   Thumb Code    20  stm32f1xx_hal_gpio.o(i.HAL_GPIO_TogglePin)
    HAL_GPIO_WritePin                        0x08001945   Thumb Code    12  stm32f1xx_hal_gpio.o(i.HAL_GPIO_WritePin)
    HAL_GetTick                              0x08001951   Thumb Code     6  stm32f1xx_hal.o(i.HAL_GetTick)
    HAL_IncTick                              0x0800195d   Thumb Code    16  stm32f1xx_hal.o(i.HAL_IncTick)
    HAL_Init                                 0x08001975   Thumb Code    34  stm32f1xx_hal.o(i.HAL_Init)
    HAL_InitTick                             0x0800199d   Thumb Code    64  stm32f1xx_hal.o(i.HAL_InitTick)
    HAL_MspInit                              0x080019e9   Thumb Code    76  stm32f1xx_hal_msp.o(i.HAL_MspInit)
    HAL_NVIC_EnableIRQ                       0x08001a3d   Thumb Code    32  stm32f1xx_hal_cortex.o(i.HAL_NVIC_EnableIRQ)
    HAL_NVIC_SetPriority                     0x08001a5d   Thumb Code   124  stm32f1xx_hal_cortex.o(i.HAL_NVIC_SetPriority)
    HAL_NVIC_SetPriorityGrouping             0x08001ad9   Thumb Code    32  stm32f1xx_hal_cortex.o(i.HAL_NVIC_SetPriorityGrouping)
    HAL_RCC_ClockConfig                      0x08001b01   Thumb Code   376  stm32f1xx_hal_rcc.o(i.HAL_RCC_ClockConfig)
    HAL_RCC_GetHCLKFreq                      0x08001c8d   Thumb Code     6  stm32f1xx_hal_rcc.o(i.HAL_RCC_GetHCLKFreq)
    HAL_RCC_GetPCLK1Freq                     0x08001c99   Thumb Code    22  stm32f1xx_hal_rcc.o(i.HAL_RCC_GetPCLK1Freq)
    HAL_RCC_GetPCLK2Freq                     0x08001cb9   Thumb Code    22  stm32f1xx_hal_rcc.o(i.HAL_RCC_GetPCLK2Freq)
    HAL_RCC_GetSysClockFreq                  0x08001cd9   Thumb Code   116  stm32f1xx_hal_rcc.o(i.HAL_RCC_GetSysClockFreq)
    HAL_RCC_OscConfig                        0x08001d6d   Thumb Code  1114  stm32f1xx_hal_rcc.o(i.HAL_RCC_OscConfig)
    HAL_SPI_Init                             0x080021d1   Thumb Code   190  stm32f1xx_hal_spi.o(i.HAL_SPI_Init)
    HAL_SPI_MspInit                          0x08002291   Thumb Code   124  spi.o(i.HAL_SPI_MspInit)
    HAL_SPI_TransmitReceive                  0x08002319   Thumb Code   554  stm32f1xx_hal_spi.o(i.HAL_SPI_TransmitReceive)
    HAL_SYSTICK_Config                       0x08002543   Thumb Code    52  stm32f1xx_hal_cortex.o(i.HAL_SYSTICK_Config)
    HAL_TIMEx_BreakCallback                  0x08002577   Thumb Code     2  stm32f1xx_hal_tim_ex.o(i.HAL_TIMEx_BreakCallback)
    HAL_TIMEx_CommutCallback                 0x08002579   Thumb Code     2  stm32f1xx_hal_tim_ex.o(i.HAL_TIMEx_CommutCallback)
    HAL_TIMEx_MasterConfigSynchronization    0x0800257d   Thumb Code   134  stm32f1xx_hal_tim_ex.o(i.HAL_TIMEx_MasterConfigSynchronization)
    HAL_TIM_Base_Init                        0x08002619   Thumb Code   102  stm32f1xx_hal_tim.o(i.HAL_TIM_Base_Init)
    HAL_TIM_Base_MspInit                     0x08002681   Thumb Code   112  tim.o(i.HAL_TIM_Base_MspInit)
    HAL_TIM_Base_Start_IT                    0x080026fd   Thumb Code   122  stm32f1xx_hal_tim.o(i.HAL_TIM_Base_Start_IT)
    HAL_TIM_IC_CaptureCallback               0x0800278d   Thumb Code     2  stm32f1xx_hal_tim.o(i.HAL_TIM_IC_CaptureCallback)
    HAL_TIM_IRQHandler                       0x0800278f   Thumb Code   406  stm32f1xx_hal_tim.o(i.HAL_TIM_IRQHandler)
    HAL_TIM_OC_DelayElapsedCallback          0x08002925   Thumb Code     2  stm32f1xx_hal_tim.o(i.HAL_TIM_OC_DelayElapsedCallback)
    HAL_TIM_PWM_PulseFinishedCallback        0x08002927   Thumb Code     2  stm32f1xx_hal_tim.o(i.HAL_TIM_PWM_PulseFinishedCallback)
    HAL_TIM_PeriodElapsedCallback            0x08002929   Thumb Code    50  tim.o(i.HAL_TIM_PeriodElapsedCallback)
    HAL_TIM_TriggerCallback                  0x0800296d   Thumb Code     2  stm32f1xx_hal_tim.o(i.HAL_TIM_TriggerCallback)
    HAL_UARTEx_ReceiveToIdle_DMA             0x0800296f   Thumb Code   114  stm32f1xx_hal_uart.o(i.HAL_UARTEx_ReceiveToIdle_DMA)
    HAL_UARTEx_RxEventCallback               0x080029e1   Thumb Code    86  usart.o(i.HAL_UARTEx_RxEventCallback)
    HAL_UART_AbortReceive                    0x08002a51   Thumb Code   122  stm32f1xx_hal_uart.o(i.HAL_UART_AbortReceive)
    HAL_UART_ErrorCallback                   0x08002acd   Thumb Code    70  usart.o(i.HAL_UART_ErrorCallback)
    HAL_UART_IRQHandler                      0x08002b2d   Thumb Code   582  stm32f1xx_hal_uart.o(i.HAL_UART_IRQHandler)
    HAL_UART_Init                            0x08002d79   Thumb Code   114  stm32f1xx_hal_uart.o(i.HAL_UART_Init)
    HAL_UART_MspInit                         0x08002ded   Thumb Code   692  usart.o(i.HAL_UART_MspInit)
    HAL_UART_RxCpltCallback                  0x080030d5   Thumb Code     2  stm32f1xx_hal_uart.o(i.HAL_UART_RxCpltCallback)
    HAL_UART_RxHalfCpltCallback              0x080030d7   Thumb Code     2  stm32f1xx_hal_uart.o(i.HAL_UART_RxHalfCpltCallback)
    HAL_UART_Transmit_DMA                    0x080030d9   Thumb Code   142  stm32f1xx_hal_uart.o(i.HAL_UART_Transmit_DMA)
    HAL_UART_TxCpltCallback                  0x08003175   Thumb Code    26  usart.o(i.HAL_UART_TxCpltCallback)
    HAL_UART_TxHalfCpltCallback              0x08003199   Thumb Code     2  stm32f1xx_hal_uart.o(i.HAL_UART_TxHalfCpltCallback)
    HardFault_Handler                        0x0800319b   Thumb Code     4  stm32f1xx_it.o(i.HardFault_Handler)
    Hex2Ascii                                0x080031a1   Thumb Code    74  app_tool.o(i.Hex2Ascii)
    If_Found_RN8209C_Reg                     0x08003201   Thumb Code   250  rn8209c_reg.o(i.If_Found_RN8209C_Reg)
    If_Found_V9240_Reg                       0x080032fb   Thumb Code   254  v9240_reg.o(i.If_Found_V9240_Reg)
    If_Protocol_YDT                          0x080033f9   Thumb Code    32  app_protocol_ydt1363.o(i.If_Protocol_YDT)
    Init_Led_Variables                       0x08003489   Thumb Code    20  app_led.o(i.Init_Led_Variables)
    Init_Storage_RN8209C_Info                0x08003501   Thumb Code    18  app_storage_rn8209c.o(i.Init_Storage_RN8209C_Info)
    Init_Storage_RN8209C_Variables           0x0800351d   Thumb Code    12  app_storage_rn8209c.o(i.Init_Storage_RN8209C_Variables)
    Init_Storage_V9240_Info                  0x08003535   Thumb Code    18  app_storage_v9240.o(i.Init_Storage_V9240_Info)
    Init_Storage_V9240_Variables             0x08003551   Thumb Code    12  app_storage_v9240.o(i.Init_Storage_V9240_Variables)
    Init_Storage_Variables                   0x08003561   Thumb Code    16  app_storage.o(i.Init_Storage_Variables)
    Init_Test_Variables                      0x08003575   Thumb Code    12  app_test.o(i.Init_Test_Variables)
    Init_Uart_Variables                      0x08003585   Thumb Code   118  usart.o(i.Init_Uart_Variables)
    Init_Variables                           0x08003621   Thumb Code    20  app_init_variables.o(i.Init_Variables)
    Invert_Check_Sum                         0x08003635   Thumb Code    26  app_tool.o(i.Invert_Check_Sum)
    LED_Handler                              0x08003721   Thumb Code   108  app_led.o(i.LED_Handler)
    Load_Storage_RN8209C                     0x08003791   Thumb Code    22  app_storage_rn8209c.o(i.Load_Storage_RN8209C)
    Load_Storage_V9240                       0x080037a7   Thumb Code    22  app_storage_v9240.o(i.Load_Storage_V9240)
    MX_DMA_Init                              0x080037bd   Thumb Code   128  dma.o(i.MX_DMA_Init)
    MX_GPIO_Init                             0x08003841   Thumb Code   178  gpio.o(i.MX_GPIO_Init)
    MX_SPI2_Init                             0x08003901   Thumb Code    60  spi.o(i.MX_SPI2_Init)
    MX_TIM6_Init                             0x08003945   Thumb Code    74  tim.o(i.MX_TIM6_Init)
    MX_TIM7_Init                             0x08003999   Thumb Code    74  tim.o(i.MX_TIM7_Init)
    MX_USART1_UART_Init                      0x080039ed   Thumb Code    58  usart.o(i.MX_USART1_UART_Init)
    MX_USART2_UART_Init                      0x08003a35   Thumb Code    58  usart.o(i.MX_USART2_UART_Init)
    MX_USART3_UART_Init                      0x08003a7d   Thumb Code    66  usart.o(i.MX_USART3_UART_Init)
    MemManage_Handler                        0x08003acd   Thumb Code     4  stm32f1xx_it.o(i.MemManage_Handler)
    NMI_Handler                              0x08003ad1   Thumb Code     4  stm32f1xx_it.o(i.NMI_Handler)
    Pack_Protocol_YDT                        0x08003af7   Thumb Code   334  app_protocol_ydt1363.o(i.Pack_Protocol_YDT)
    Pack_Sum_Len                             0x08003c45   Thumb Code    54  app_tool.o(i.Pack_Sum_Len)
    Parse_Responder_ydt                      0x08003f79   Thumb Code   180  app_responder_ydt.o(i.Parse_Responder_ydt)
    PendSV_Handler                           0x08004031   Thumb Code     2  stm32f1xx_it.o(i.PendSV_Handler)
    RN8209C_Calibrate_Handler                0x0800429d   Thumb Code    64  rn8209c_calibrate.o(i.RN8209C_Calibrate_Handler)
    RN8209C_Handler                          0x080048ed   Thumb Code    52  rn8209c_main.o(i.RN8209C_Handler)
    RN8209C_Init                             0x08004925   Thumb Code   130  rn8209c_init.o(i.RN8209C_Init)
    RN8209C_Parse_Cmd                        0x08004a29   Thumb Code   182  rn8209c_reg.o(i.RN8209C_Parse_Cmd)
    RN8209C_Read_Handler                     0x08004ae5   Thumb Code  1334  rn8209c_read.o(i.RN8209C_Read_Handler)
    RN8209C_Read_Reg                         0x08005035   Thumb Code    40  rn8209c_drv.o(i.RN8209C_Read_Reg)
    RN8209C_Reg_Value_2_Buf                  0x0800505d   Thumb Code   554  rn8209c_reg.o(i.RN8209C_Reg_Value_2_Buf)
    RN8209C_Set_Calibrate_Func               0x080052e1   Thumb Code    36  rn8209c_calibrate.o(i.RN8209C_Set_Calibrate_Func)
    RN8209C_Write_Reg                        0x080056c1   Thumb Code   128  rn8209c_drv.o(i.RN8209C_Write_Reg)
    Reset_Tick                               0x08005741   Thumb Code    12  app_global.o(i.Reset_Tick)
    SVC_Handler                              0x0800584d   Thumb Code     2  stm32f1xx_it.o(i.SVC_Handler)
    Send_Data                                0x08005851   Thumb Code    84  app_uart_rcv.o(i.Send_Data)
    Set_LED                                  0x080058b5   Thumb Code     8  app_led.o(i.Set_LED)
    Set_RN8209C_Main_State                   0x0800591d   Thumb Code    14  rn8209c_main.o(i.Set_RN8209C_Main_State)
    Set_V9240_Main_State                     0x08005931   Thumb Code    14  v9240_main.o(i.Set_V9240_Main_State)
    Storage_Check_Main_Area                  0x08005b55   Thumb Code   190  app_storage_drv.o(i.Storage_Check_Main_Area)
    Storage_Handler                          0x08005c45   Thumb Code    12  app_storage.o(i.Storage_Handler)
    Storage_Init                             0x08005c51   Thumb Code    16  app_storage.o(i.Storage_Init)
    Storage_Set_NeedSave_Flag                0x08005c99   Thumb Code    18  app_storage.o(i.Storage_Set_NeedSave_Flag)
    Storage_Write_Data_To_Flash              0x08005cb1   Thumb Code   160  app_storage_drv.o(i.Storage_Write_Data_To_Flash)
    Swap_Buf                                 0x08005d55   Thumb Code    28  app_tool.o(i.Swap_Buf)
    SysTick_Handler                          0x08005d71   Thumb Code     8  stm32f1xx_it.o(i.SysTick_Handler)
    SystemClock_Config                       0x08005d79   Thumb Code   102  main.o(i.SystemClock_Config)
    SystemInit                               0x08005ddf   Thumb Code     2  system_stm32f1xx.o(i.SystemInit)
    TIM6_IRQHandler                          0x08005de1   Thumb Code    10  stm32f1xx_it.o(i.TIM6_IRQHandler)
    TIM7_IRQHandler                          0x08005df1   Thumb Code    10  stm32f1xx_it.o(i.TIM7_IRQHandler)
    TIM_Base_SetConfig                       0x08005e01   Thumb Code   134  stm32f1xx_hal_tim.o(i.TIM_Base_SetConfig)
    Tick_Timeout                             0x08005e9d   Thumb Code    32  app_global.o(i.Tick_Timeout)
    UART_Start_Receive_DMA                   0x08006239   Thumb Code   138  stm32f1xx_hal_uart.o(i.UART_Start_Receive_DMA)
    USART1_IRQHandler                        0x08006331   Thumb Code    10  stm32f1xx_it.o(i.USART1_IRQHandler)
    USART2_IRQHandler                        0x08006341   Thumb Code    10  stm32f1xx_it.o(i.USART2_IRQHandler)
    USART3_IRQHandler                        0x08006351   Thumb Code    10  stm32f1xx_it.o(i.USART3_IRQHandler)
    Uart_Handler                             0x08006361   Thumb Code    66  app_uart_rcv.o(i.Uart_Handler)
    UsageFault_Handler                       0x080063a9   Thumb Code     4  stm32f1xx_it.o(i.UsageFault_Handler)
    V9240_Calibrate_Handler                  0x0800644d   Thumb Code    64  v9240_calibrate.o(i.V9240_Calibrate_Handler)
    V9240_Handler                            0x08006845   Thumb Code    52  v9240_main.o(i.V9240_Handler)
    V9240_Init                               0x0800687d   Thumb Code   154  v9240_init.o(i.V9240_Init)
    V9240_Parse_Cmd                          0x08006b6d   Thumb Code   266  v9240_reg.o(i.V9240_Parse_Cmd)
    V9240_Read_Handler                       0x08006c7d   Thumb Code   658  v9240_read.o(i.V9240_Read_Handler)
    V9240_Read_Reg                           0x08006f4d   Thumb Code   108  v9240_drv.o(i.V9240_Read_Reg)
    V9240_Reg_Value_2_Buf                    0x08006fb9   Thumb Code   520  v9240_reg.o(i.V9240_Reg_Value_2_Buf)
    V9240_Set_Calibrate_Func                 0x08007245   Thumb Code    36  v9240_calibrate.o(i.V9240_Set_Calibrate_Func)
    V9240_Write_Reg                          0x080072ed   Thumb Code   136  v9240_drv.o(i.V9240_Write_Reg)
    W25qxx_Erase_Sector                      0x0800738d   Thumb Code    58  app_w25qxx.o(i.W25qxx_Erase_Sector)
    W25qxx_Init                              0x080073e9   Thumb Code    12  app_w25qxx.o(i.W25qxx_Init)
    W25qxx_Read                              0x08007415   Thumb Code    56  app_w25qxx.o(i.W25qxx_Read)
    W25qxx_Write                             0x0800752d   Thumb Code   198  app_w25qxx.o(i.W25qxx_Write)
    __ARM_fpclassify                         0x080076f1   Thumb Code    40  fpclassify.o(i.__ARM_fpclassify)
    __kernel_poly                            0x08007751   Thumb Code   170  poly.o(i.__kernel_poly)
    __mathlib_dbl_divzero                    0x080077fd   Thumb Code    12  dunder.o(i.__mathlib_dbl_divzero)
    __mathlib_dbl_infnan2                    0x0800780d   Thumb Code     4  dunder.o(i.__mathlib_dbl_infnan2)
    __mathlib_dbl_invalid                    0x08007811   Thumb Code    12  dunder.o(i.__mathlib_dbl_invalid)
    __mathlib_dbl_overflow                   0x0800781d   Thumb Code    14  dunder.o(i.__mathlib_dbl_overflow)
    __mathlib_dbl_underflow                  0x0800782d   Thumb Code    10  dunder.o(i.__mathlib_dbl_underflow)
    __scatterload_copy                       0x0800783d   Thumb Code    14  handlers.o(i.__scatterload_copy)
    __scatterload_null                       0x0800784b   Thumb Code     2  handlers.o(i.__scatterload_null)
    __scatterload_zeroinit                   0x0800784d   Thumb Code    14  handlers.o(i.__scatterload_zeroinit)
    __set_errno                              0x0800785d   Thumb Code     6  errno.o(i.__set_errno)
    main                                     0x08007869   Thumb Code    80  main.o(i.main)
    pow                                      0x080078b9   Thumb Code  2512  pow.o(i.pow)
    sqrt                                     0x08008291   Thumb Code    76  sqrt.o(i.sqrt)
    AHBPrescTable                            0x080082dc   Data          16  system_stm32f1xx.o(.constdata)
    APBPrescTable                            0x080082ec   Data           8  system_stm32f1xx.o(.constdata)
    __mathlib_zero                           0x08008380   Data           8  qnan.o(.constdata)
    Region$$Table$$Base                      0x08008388   Number         0  anon$$obj.o(Region$$Table)
    Region$$Table$$Limit                     0x080083a8   Number         0  anon$$obj.o(Region$$Table)
    uwTick                                   0x20000000   Data           4  stm32f1xx_hal.o(.data)
    uwTickPrio                               0x20000004   Data           4  stm32f1xx_hal.o(.data)
    uwTickFreq                               0x20000008   Data           1  stm32f1xx_hal.o(.data)
    SystemCoreClock                          0x2000000c   Data           4  system_stm32f1xx.o(.data)
    YDT_DataLen                              0x20000010   Data           2  app_protocol_ydt1363.o(.data)
    V9240_Calibrate                          0x2000001c   Data           8  v9240_calibrate.o(.data)
    V9240                                    0x20000024   Data           1  v9240_main.o(.data)
    V9240_CheckSum                           0x20000028   Data           4  v9240_reg.o(.data)
    RN8209C_Calibrate                        0x2000002c   Data           8  rn8209c_calibrate.o(.data)
    RN8209C                                  0x20000034   Data           1  rn8209c_main.o(.data)
    RN8209C_CheckSum                         0x20000036   Data           2  rn8209c_reg.o(.data)
    hspi2                                    0x2000003c   Data          88  spi.o(.bss)
    htim6                                    0x20000094   Data          72  tim.o(.bss)
    htim7                                    0x200000dc   Data          72  tim.o(.bss)
    huart1                                   0x20000124   Data          68  usart.o(.bss)
    huart2                                   0x20000168   Data          68  usart.o(.bss)
    huart3                                   0x200001ac   Data          68  usart.o(.bss)
    hdma_usart1_rx                           0x200001f0   Data          68  usart.o(.bss)
    hdma_usart1_tx                           0x20000234   Data          68  usart.o(.bss)
    hdma_usart2_rx                           0x20000278   Data          68  usart.o(.bss)
    hdma_usart2_tx                           0x200002bc   Data          68  usart.o(.bss)
    hdma_usart3_rx                           0x20000300   Data          68  usart.o(.bss)
    hdma_usart3_tx                           0x20000344   Data          68  usart.o(.bss)
    Uart1RxBuf                               0x20000388   Data         200  usart.o(.bss)
    Uart1TxBuf                               0x20000450   Data         200  usart.o(.bss)
    Uart2RxBuf                               0x20000518   Data         200  usart.o(.bss)
    Uart2TxBuf                               0x200005e0   Data         200  usart.o(.bss)
    Uart3RxBuf                               0x200006a8   Data          10  usart.o(.bss)
    Uart3TxBuf                               0x200006b2   Data          10  usart.o(.bss)
    Uart1                                    0x200006bc   Data          16  usart.o(.bss)
    Uart2                                    0x200006cc   Data          16  usart.o(.bss)
    Uart3                                    0x200006dc   Data          16  usart.o(.bss)
    Test                                     0x200006ec   Data          12  app_test.o(.bss)
    UartRcv                                  0x200006f8   Data          20  app_uart_rcv.o(.bss)
    W25qxxInfo                               0x20000760   Data          12  app_w25qxx.o(.bss)
    Storage_V9240                            0x2000076c   Data         108  app_storage_v9240.o(.bss)
    Storage_RN8209C                          0x200007d8   Data         176  app_storage_rn8209c.o(.bss)
    V9240_Analog                             0x200008a0   Data          24  v9240_read.o(.bss)
    V9240_Read                               0x200008b8   Data          20  v9240_read.o(.bss)
    V9240_Reg                                0x200008cc   Data         188  v9240_reg.o(.bss)
    RN8209C_AverageData                      0x200009d0   Data          68  rn8209c_read.o(.bss)
    RN8209C_Analog                           0x20000a18   Data          56  rn8209c_read.o(.bss)
    RN8209C_Read                             0x20000a50   Data        1716  rn8209c_read.o(.bss)
    RN8209C_Reg                              0x20001104   Data         140  rn8209c_reg.o(.bss)
    __initial_sp                             0x20003590   Data           0  startup_stm32f103xe.o(STACK)



==============================================================================

Memory Map of the image

  Image Entry point : 0x08000131

  Load Region LR_IROM1 (Base: 0x08000000, Size: 0x000083e4, Max: 0x00040000, ABSOLUTE)

    Execution Region ER_IROM1 (Exec base: 0x08000000, Load base: 0x08000000, Size: 0x000083a8, Max: 0x00040000, ABSOLUTE)

    Exec Addr    Load Addr    Size         Type   Attr      Idx    E Section Name        Object

    0x08000000   0x08000000   0x00000130   Data   RO            3    RESET               startup_stm32f103xe.o
    0x08000130   0x08000130   0x00000000   Code   RO         5094  * .ARM.Collect$$$$00000000  mc_w.l(entry.o)
    0x08000130   0x08000130   0x00000004   Code   RO         5168    .ARM.Collect$$$$00000001  mc_w.l(entry2.o)
    0x08000134   0x08000134   0x00000004   Code   RO         5171    .ARM.Collect$$$$00000004  mc_w.l(entry5.o)
    0x08000138   0x08000138   0x00000000   Code   RO         5173    .ARM.Collect$$$$00000008  mc_w.l(entry7b.o)
    0x08000138   0x08000138   0x00000000   Code   RO         5175    .ARM.Collect$$$$0000000A  mc_w.l(entry8b.o)
    0x08000138   0x08000138   0x00000008   Code   RO         5176    .ARM.Collect$$$$0000000B  mc_w.l(entry9a.o)
    0x08000140   0x08000140   0x00000000   Code   RO         5178    .ARM.Collect$$$$0000000D  mc_w.l(entry10a.o)
    0x08000140   0x08000140   0x00000000   Code   RO         5180    .ARM.Collect$$$$0000000F  mc_w.l(entry11a.o)
    0x08000140   0x08000140   0x00000004   Code   RO         5169    .ARM.Collect$$$$00002712  mc_w.l(entry2.o)
    0x08000144   0x08000144   0x00000024   Code   RO            4    .text               startup_stm32f103xe.o
    0x08000168   0x08000168   0x00000062   Code   RO         5097    .text               mc_w.l(uldiv.o)
    0x080001ca   0x080001ca   0x00000062   Code   RO         5099    .text               mc_w.l(ldiv.o)
    0x0800022c   0x0800022c   0x00000020   Code   RO         5101    .text               mc_w.l(llushr.o)
    0x0800024c   0x0800024c   0x0000000c   Code   RO         5103    .text               mc_w.l(toupper.o)
    0x08000258   0x08000258   0x00000024   Code   RO         5105    .text               mc_w.l(memcpya.o)
    0x0800027c   0x0800027c   0x00000024   Code   RO         5107    .text               mc_w.l(memseta.o)
    0x080002a0   0x080002a0   0x000000b0   Code   RO         5111    .text               mf_w.l(fadd.o)
    0x08000350   0x08000350   0x00000064   Code   RO         5113    .text               mf_w.l(fmul.o)
    0x080003b4   0x080003b4   0x0000007c   Code   RO         5115    .text               mf_w.l(fdiv.o)
    0x08000430   0x08000430   0x0000014e   Code   RO         5117    .text               mf_w.l(dadd.o)
    0x0800057e   0x0800057e   0x000000e4   Code   RO         5119    .text               mf_w.l(dmul.o)
    0x08000662   0x08000662   0x000000de   Code   RO         5121    .text               mf_w.l(ddiv.o)
    0x08000740   0x08000740   0x00000012   Code   RO         5123    .text               mf_w.l(fflti.o)
    0x08000752   0x08000752   0x0000000a   Code   RO         5125    .text               mf_w.l(ffltui.o)
    0x0800075c   0x0800075c   0x00000022   Code   RO         5127    .text               mf_w.l(dflti.o)
    0x0800077e   0x0800077e   0x0000001a   Code   RO         5129    .text               mf_w.l(dfltui.o)
    0x08000798   0x08000798   0x00000018   Code   RO         5131    .text               mf_w.l(dfltul.o)
    0x080007b0   0x080007b0   0x00000032   Code   RO         5133    .text               mf_w.l(ffixi.o)
    0x080007e2   0x080007e2   0x00000028   Code   RO         5135    .text               mf_w.l(ffixui.o)
    0x0800080a   0x0800080a   0x00000032   Code   RO         5137    .text               mf_w.l(dfixui.o)
    0x0800083c   0x0800083c   0x00000026   Code   RO         5139    .text               mf_w.l(f2d.o)
    0x08000862   0x08000862   0x00000002   PAD
    0x08000864   0x08000864   0x00000030   Code   RO         5141    .text               mf_w.l(cdrcmple.o)
    0x08000894   0x08000894   0x00000038   Code   RO         5143    .text               mf_w.l(d2f.o)
    0x080008cc   0x080008cc   0x00000014   Code   RO         5145    .text               mf_w.l(cfcmple.o)
    0x080008e0   0x080008e0   0x00000014   Code   RO         5147    .text               mf_w.l(cfrcmple.o)
    0x080008f4   0x080008f4   0x0000001e   Code   RO         5182    .text               mc_w.l(llshl.o)
    0x08000912   0x08000912   0x00000024   Code   RO         5184    .text               mc_w.l(llsshr.o)
    0x08000936   0x08000936   0x00000000   Code   RO         5193    .text               mc_w.l(iusefp.o)
    0x08000936   0x08000936   0x0000006e   Code   RO         5194    .text               mf_w.l(fepilogue.o)
    0x080009a4   0x080009a4   0x000000ba   Code   RO         5196    .text               mf_w.l(depilogue.o)
    0x08000a5e   0x08000a5e   0x0000002e   Code   RO         5198    .text               mf_w.l(dscalb.o)
    0x08000a8c   0x08000a8c   0x000000a2   Code   RO         5200    .text               mf_w.l(dsqrt.o)
    0x08000b2e   0x08000b2e   0x00000002   PAD
    0x08000b30   0x08000b30   0x00000024   Code   RO         5204    .text               mc_w.l(init.o)
    0x08000b54   0x08000b54   0x0000006e   Code   RO         3625    i.Ascii2Hex         app_tool.o
    0x08000bc2   0x08000bc2   0x00000004   Code   RO          481    i.BusFault_Handler  stm32f1xx_it.o
    0x08000bc6   0x08000bc6   0x0000000e   Code   RO         3867    i.Check_Package     app_uart_rcv.o
    0x08000bd4   0x08000bd4   0x0000011c   Code   RO         3746    i.Check_Protocol_YDT  app_protocol_ydt1363.o
    0x08000cf0   0x08000cf0   0x00000024   Code   RO         3916    i.Check_Storage_Clear_Task  app_storage.o
    0x08000d14   0x08000d14   0x0000000e   Code   RO         4251    i.Check_Storage_RN8209C_Value  app_storage_rn8209c.o
    0x08000d22   0x08000d22   0x00000002   PAD
    0x08000d24   0x08000d24   0x00000024   Code   RO         3917    i.Check_Storage_Save_Task  app_storage.o
    0x08000d48   0x08000d48   0x0000000e   Code   RO         4196    i.Check_Storage_V9240_Value  app_storage_v9240.o
    0x08000d56   0x08000d56   0x0000001e   Code   RO         3631    i.Check_Sum         app_tool.o
    0x08000d74   0x08000d74   0x00000046   Code   RO         3632    i.Check_Sum_Len     app_tool.o
    0x08000dba   0x08000dba   0x00000010   Code   RO         3747    i.Check_Sum_YDT     app_protocol_ydt1363.o
    0x08000dca   0x08000dca   0x00000002   PAD
    0x08000dcc   0x08000dcc   0x00000010   Code   RO          482    i.DMA1_Channel2_IRQHandler  stm32f1xx_it.o
    0x08000ddc   0x08000ddc   0x00000010   Code   RO          483    i.DMA1_Channel3_IRQHandler  stm32f1xx_it.o
    0x08000dec   0x08000dec   0x00000010   Code   RO          484    i.DMA1_Channel4_IRQHandler  stm32f1xx_it.o
    0x08000dfc   0x08000dfc   0x00000010   Code   RO          485    i.DMA1_Channel5_IRQHandler  stm32f1xx_it.o
    0x08000e0c   0x08000e0c   0x00000010   Code   RO          486    i.DMA1_Channel6_IRQHandler  stm32f1xx_it.o
    0x08000e1c   0x08000e1c   0x00000010   Code   RO          487    i.DMA1_Channel7_IRQHandler  stm32f1xx_it.o
    0x08000e2c   0x08000e2c   0x0000002c   Code   RO         1096    i.DMA_SetConfig     stm32f1xx_hal_dma.o
    0x08000e58   0x08000e58   0x00000002   Code   RO          488    i.DebugMon_Handler  stm32f1xx_it.o
    0x08000e5a   0x08000e5a   0x00000006   Code   RO           13    i.Error_Handler     main.o
    0x08000e60   0x08000e60   0x00000088   Code   RO         3634    i.Float_To_DataBuf  app_tool.o
    0x08000ee8   0x08000ee8   0x0000000c   Code   RO         4962    i.Get_RN8209C_Main_State  rn8209c_main.o
    0x08000ef4   0x08000ef4   0x0000000c   Code   RO         4614    i.Get_V9240_Main_State  v9240_main.o
    0x08000f00   0x08000f00   0x00000056   Code   RO         1097    i.HAL_DMA_Abort     stm32f1xx_hal_dma.o
    0x08000f56   0x08000f56   0x00000002   PAD
    0x08000f58   0x08000f58   0x000001a8   Code   RO         1098    i.HAL_DMA_Abort_IT  stm32f1xx_hal_dma.o
    0x08001100   0x08001100   0x00000006   Code   RO         1100    i.HAL_DMA_GetError  stm32f1xx_hal_dma.o
    0x08001106   0x08001106   0x00000002   PAD
    0x08001108   0x08001108   0x00000398   Code   RO         1102    i.HAL_DMA_IRQHandler  stm32f1xx_hal_dma.o
    0x080014a0   0x080014a0   0x0000008c   Code   RO         1103    i.HAL_DMA_Init      stm32f1xx_hal_dma.o
    0x0800152c   0x0800152c   0x0000009c   Code   RO         1107    i.HAL_DMA_Start_IT  stm32f1xx_hal_dma.o
    0x080015c8   0x080015c8   0x00000028   Code   RO          720    i.HAL_Delay         stm32f1xx_hal.o
    0x080015f0   0x080015f0   0x00000340   Code   RO         1033    i.HAL_GPIO_Init     stm32f1xx_hal_gpio.o
    0x08001930   0x08001930   0x00000014   Code   RO         1036    i.HAL_GPIO_TogglePin  stm32f1xx_hal_gpio.o
    0x08001944   0x08001944   0x0000000c   Code   RO         1037    i.HAL_GPIO_WritePin  stm32f1xx_hal_gpio.o
    0x08001950   0x08001950   0x0000000c   Code   RO          724    i.HAL_GetTick       stm32f1xx_hal.o
    0x0800195c   0x0800195c   0x00000018   Code   RO          730    i.HAL_IncTick       stm32f1xx_hal.o
    0x08001974   0x08001974   0x00000028   Code   RO          731    i.HAL_Init          stm32f1xx_hal.o
    0x0800199c   0x0800199c   0x0000004c   Code   RO          732    i.HAL_InitTick      stm32f1xx_hal.o
    0x080019e8   0x080019e8   0x00000054   Code   RO          623    i.HAL_MspInit       stm32f1xx_hal_msp.o
    0x08001a3c   0x08001a3c   0x00000020   Code   RO         1193    i.HAL_NVIC_EnableIRQ  stm32f1xx_hal_cortex.o
    0x08001a5c   0x08001a5c   0x0000007c   Code   RO         1199    i.HAL_NVIC_SetPriority  stm32f1xx_hal_cortex.o
    0x08001ad8   0x08001ad8   0x00000028   Code   RO         1200    i.HAL_NVIC_SetPriorityGrouping  stm32f1xx_hal_cortex.o
    0x08001b00   0x08001b00   0x0000018c   Code   RO          888    i.HAL_RCC_ClockConfig  stm32f1xx_hal_rcc.o
    0x08001c8c   0x08001c8c   0x0000000c   Code   RO          893    i.HAL_RCC_GetHCLKFreq  stm32f1xx_hal_rcc.o
    0x08001c98   0x08001c98   0x00000020   Code   RO          895    i.HAL_RCC_GetPCLK1Freq  stm32f1xx_hal_rcc.o
    0x08001cb8   0x08001cb8   0x00000020   Code   RO          896    i.HAL_RCC_GetPCLK2Freq  stm32f1xx_hal_rcc.o
    0x08001cd8   0x08001cd8   0x00000094   Code   RO          897    i.HAL_RCC_GetSysClockFreq  stm32f1xx_hal_rcc.o
    0x08001d6c   0x08001d6c   0x00000464   Code   RO          900    i.HAL_RCC_OscConfig  stm32f1xx_hal_rcc.o
    0x080021d0   0x080021d0   0x000000be   Code   RO         1730    i.HAL_SPI_Init      stm32f1xx_hal_spi.o
    0x0800228e   0x0800228e   0x00000002   PAD
    0x08002290   0x08002290   0x00000088   Code   RO          287    i.HAL_SPI_MspInit   spi.o
    0x08002318   0x08002318   0x0000022a   Code   RO         1739    i.HAL_SPI_TransmitReceive  stm32f1xx_hal_spi.o
    0x08002542   0x08002542   0x00000034   Code   RO         1204    i.HAL_SYSTICK_Config  stm32f1xx_hal_cortex.o
    0x08002576   0x08002576   0x00000002   Code   RO         2758    i.HAL_TIMEx_BreakCallback  stm32f1xx_hal_tim_ex.o
    0x08002578   0x08002578   0x00000002   Code   RO         2759    i.HAL_TIMEx_CommutCallback  stm32f1xx_hal_tim_ex.o
    0x0800257a   0x0800257a   0x00000002   PAD
    0x0800257c   0x0800257c   0x0000009c   Code   RO         2777    i.HAL_TIMEx_MasterConfigSynchronization  stm32f1xx_hal_tim_ex.o
    0x08002618   0x08002618   0x00000066   Code   RO         2043    i.HAL_TIM_Base_Init  stm32f1xx_hal_tim.o
    0x0800267e   0x0800267e   0x00000002   PAD
    0x08002680   0x08002680   0x0000007c   Code   RO          329    i.HAL_TIM_Base_MspInit  tim.o
    0x080026fc   0x080026fc   0x00000090   Code   RO         2048    i.HAL_TIM_Base_Start_IT  stm32f1xx_hal_tim.o
    0x0800278c   0x0800278c   0x00000002   Code   RO         2077    i.HAL_TIM_IC_CaptureCallback  stm32f1xx_hal_tim.o
    0x0800278e   0x0800278e   0x00000196   Code   RO         2091    i.HAL_TIM_IRQHandler  stm32f1xx_hal_tim.o
    0x08002924   0x08002924   0x00000002   Code   RO         2094    i.HAL_TIM_OC_DelayElapsedCallback  stm32f1xx_hal_tim.o
    0x08002926   0x08002926   0x00000002   Code   RO         2121    i.HAL_TIM_PWM_PulseFinishedCallback  stm32f1xx_hal_tim.o
    0x08002928   0x08002928   0x00000044   Code   RO          330    i.HAL_TIM_PeriodElapsedCallback  tim.o
    0x0800296c   0x0800296c   0x00000002   Code   RO         2134    i.HAL_TIM_TriggerCallback  stm32f1xx_hal_tim.o
    0x0800296e   0x0800296e   0x00000072   Code   RO         3034    i.HAL_UARTEx_ReceiveToIdle_DMA  stm32f1xx_hal_uart.o
    0x080029e0   0x080029e0   0x00000070   Code   RO          403    i.HAL_UARTEx_RxEventCallback  usart.o
    0x08002a50   0x08002a50   0x0000007a   Code   RO         3039    i.HAL_UART_AbortReceive  stm32f1xx_hal_uart.o
    0x08002aca   0x08002aca   0x00000002   PAD
    0x08002acc   0x08002acc   0x00000060   Code   RO          404    i.HAL_UART_ErrorCallback  usart.o
    0x08002b2c   0x08002b2c   0x0000024c   Code   RO         3053    i.HAL_UART_IRQHandler  stm32f1xx_hal_uart.o
    0x08002d78   0x08002d78   0x00000072   Code   RO         3054    i.HAL_UART_Init     stm32f1xx_hal_uart.o
    0x08002dea   0x08002dea   0x00000002   PAD
    0x08002dec   0x08002dec   0x000002e8   Code   RO          406    i.HAL_UART_MspInit  usart.o
    0x080030d4   0x080030d4   0x00000002   Code   RO         3060    i.HAL_UART_RxCpltCallback  stm32f1xx_hal_uart.o
    0x080030d6   0x080030d6   0x00000002   Code   RO         3061    i.HAL_UART_RxHalfCpltCallback  stm32f1xx_hal_uart.o
    0x080030d8   0x080030d8   0x0000009c   Code   RO         3063    i.HAL_UART_Transmit_DMA  stm32f1xx_hal_uart.o
    0x08003174   0x08003174   0x00000024   Code   RO          407    i.HAL_UART_TxCpltCallback  usart.o
    0x08003198   0x08003198   0x00000002   Code   RO         3066    i.HAL_UART_TxHalfCpltCallback  stm32f1xx_hal_uart.o
    0x0800319a   0x0800319a   0x00000004   Code   RO          489    i.HardFault_Handler  stm32f1xx_it.o
    0x0800319e   0x0800319e   0x00000002   PAD
    0x080031a0   0x080031a0   0x00000060   Code   RO         3635    i.Hex2Ascii         app_tool.o
    0x08003200   0x08003200   0x000000fa   Code   RO         5031    i.If_Found_RN8209C_Reg  rn8209c_reg.o
    0x080032fa   0x080032fa   0x000000fe   Code   RO         4693    i.If_Found_V9240_Reg  v9240_reg.o
    0x080033f8   0x080033f8   0x00000024   Code   RO         3748    i.If_Protocol_YDT   app_protocol_ydt1363.o
    0x0800341c   0x0800341c   0x0000006c   Code   RO         3868    i.If_Receive_Data   app_uart_rcv.o
    0x08003488   0x08003488   0x00000018   Code   RO         4306    i.Init_Led_Variables  app_led.o
    0x080034a0   0x080034a0   0x00000028   Code   RO         4013    i.Init_Storage_Addr  app_storage_drv.o
    0x080034c8   0x080034c8   0x0000002e   Code   RO         3918    i.Init_Storage_Info  app_storage.o
    0x080034f6   0x080034f6   0x00000008   Code   RO         4252    i.Init_Storage_RN8209C_Data  app_storage_rn8209c.o
    0x080034fe   0x080034fe   0x00000002   PAD
    0x08003500   0x08003500   0x0000001c   Code   RO         4253    i.Init_Storage_RN8209C_Info  app_storage_rn8209c.o
    0x0800351c   0x0800351c   0x00000010   Code   RO         4254    i.Init_Storage_RN8209C_Variables  app_storage_rn8209c.o
    0x0800352c   0x0800352c   0x00000008   Code   RO         4197    i.Init_Storage_V9240_Data  app_storage_v9240.o
    0x08003534   0x08003534   0x0000001c   Code   RO         4198    i.Init_Storage_V9240_Info  app_storage_v9240.o
    0x08003550   0x08003550   0x00000010   Code   RO         4199    i.Init_Storage_V9240_Variables  app_storage_v9240.o
    0x08003560   0x08003560   0x00000014   Code   RO         3919    i.Init_Storage_Variables  app_storage.o
    0x08003574   0x08003574   0x00000010   Code   RO         3579    i.Init_Test_Variables  app_test.o
    0x08003584   0x08003584   0x0000009c   Code   RO          408    i.Init_Uart_Variables  usart.o
    0x08003620   0x08003620   0x00000014   Code   RO         3429    i.Init_Variables    app_init_variables.o
    0x08003634   0x08003634   0x0000001a   Code   RO         3637    i.Invert_Check_Sum  app_tool.o
    0x0800364e   0x0800364e   0x00000002   PAD
    0x08003650   0x08003650   0x000000d0   Code   RO         4307    i.LED_Glow_Func     app_led.o
    0x08003720   0x08003720   0x00000070   Code   RO         4308    i.LED_Handler       app_led.o
    0x08003790   0x08003790   0x00000016   Code   RO         4255    i.Load_Storage_RN8209C  app_storage_rn8209c.o
    0x080037a6   0x080037a6   0x00000016   Code   RO         4200    i.Load_Storage_V9240  app_storage_v9240.o
    0x080037bc   0x080037bc   0x00000084   Code   RO          232    i.MX_DMA_Init       dma.o
    0x08003840   0x08003840   0x000000c0   Code   RO          208    i.MX_GPIO_Init      gpio.o
    0x08003900   0x08003900   0x00000044   Code   RO          288    i.MX_SPI2_Init      spi.o
    0x08003944   0x08003944   0x00000054   Code   RO          331    i.MX_TIM6_Init      tim.o
    0x08003998   0x08003998   0x00000054   Code   RO          332    i.MX_TIM7_Init      tim.o
    0x080039ec   0x080039ec   0x00000048   Code   RO          409    i.MX_USART1_UART_Init  usart.o
    0x08003a34   0x08003a34   0x00000048   Code   RO          410    i.MX_USART2_UART_Init  usart.o
    0x08003a7c   0x08003a7c   0x00000050   Code   RO          411    i.MX_USART3_UART_Init  usart.o
    0x08003acc   0x08003acc   0x00000004   Code   RO          490    i.MemManage_Handler  stm32f1xx_it.o
    0x08003ad0   0x08003ad0   0x00000004   Code   RO          491    i.NMI_Handler       stm32f1xx_it.o
    0x08003ad4   0x08003ad4   0x00000022   Code   RO         3749    i.Pack_Hex_Buf      app_protocol_ydt1363.o
    0x08003af6   0x08003af6   0x0000014e   Code   RO         3750    i.Pack_Protocol_YDT  app_protocol_ydt1363.o
    0x08003c44   0x08003c44   0x00000036   Code   RO         3638    i.Pack_Sum_Len      app_tool.o
    0x08003c7a   0x08003c7a   0x00000002   PAD
    0x08003c7c   0x08003c7c   0x000002fc   Code   RO         3811    i.Parse_Responder_Cmd  app_responder_ydt.o
    0x08003f78   0x08003f78   0x000000b8   Code   RO         3812    i.Parse_Responder_ydt  app_responder_ydt.o
    0x08004030   0x08004030   0x00000002   Code   RO          492    i.PendSV_Handler    stm32f1xx_it.o
    0x08004032   0x08004032   0x00000002   PAD
    0x08004034   0x08004034   0x00000028   Code   RO          901    i.RCC_Delay         stm32f1xx_hal_rcc.o
    0x0800405c   0x0800405c   0x0000011c   Code   RO         4736    i.RN8209C_Calibrate_Check_DC_Offset  rn8209c_calibrate.o
    0x08004178   0x08004178   0x000000a0   Code   RO         4737    i.RN8209C_Calibrate_DC_Offset  rn8209c_calibrate.o
    0x08004218   0x08004218   0x00000084   Code   RO         4738    i.RN8209C_Calibrate_Effective_Offset  rn8209c_calibrate.o
    0x0800429c   0x0800429c   0x00000044   Code   RO         4739    i.RN8209C_Calibrate_Handler  rn8209c_calibrate.o
    0x080042e0   0x080042e0   0x00000030   Code   RO         4740    i.RN8209C_Calibrate_IA_Gain  rn8209c_calibrate.o
    0x08004310   0x08004310   0x00000030   Code   RO         4741    i.RN8209C_Calibrate_IB_Gain  rn8209c_calibrate.o
    0x08004340   0x08004340   0x0000004c   Code   RO         4742    i.RN8209C_Calibrate_I_And_P  rn8209c_calibrate.o
    0x0800438c   0x0800438c   0x000000f4   Code   RO         4743    i.RN8209C_Calibrate_PA_Gain  rn8209c_calibrate.o
    0x08004480   0x08004480   0x000000ec   Code   RO         4744    i.RN8209C_Calibrate_PA_Gain_Offset  rn8209c_calibrate.o
    0x0800456c   0x0800456c   0x000000f4   Code   RO         4745    i.RN8209C_Calibrate_PB_Gain  rn8209c_calibrate.o
    0x08004660   0x08004660   0x000000ec   Code   RO         4746    i.RN8209C_Calibrate_PB_Gain_Offset  rn8209c_calibrate.o
    0x0800474c   0x0800474c   0x00000044   Code   RO         4747    i.RN8209C_Calibrate_P_Offset  rn8209c_calibrate.o
    0x08004790   0x08004790   0x00000040   Code   RO         4748    i.RN8209C_Calibrate_U  rn8209c_calibrate.o
    0x080047d0   0x080047d0   0x00000030   Code   RO         4749    i.RN8209C_Calibrate_U_Gain  rn8209c_calibrate.o
    0x08004800   0x08004800   0x000000a0   Code   RO         4750    i.RN8209C_Calibrate_Zero  rn8209c_calibrate.o
    0x080048a0   0x080048a0   0x0000004a   Code   RO         4840    i.RN8209C_Check_Reg_Pack  rn8209c_drv.o
    0x080048ea   0x080048ea   0x00000002   PAD
    0x080048ec   0x080048ec   0x00000038   Code   RO         4963    i.RN8209C_Handler   rn8209c_main.o
    0x08004924   0x08004924   0x00000088   Code   RO         4888    i.RN8209C_Init      rn8209c_init.o
    0x080049ac   0x080049ac   0x0000007a   Code   RO         4889    i.RN8209C_Init_Func  rn8209c_init.o
    0x08004a26   0x08004a26   0x00000002   PAD
    0x08004a28   0x08004a28   0x000000bc   Code   RO         5032    i.RN8209C_Parse_Cmd  rn8209c_reg.o
    0x08004ae4   0x08004ae4   0x00000550   Code   RO         5001    i.RN8209C_Read_Handler  rn8209c_read.o
    0x08005034   0x08005034   0x00000028   Code   RO         4841    i.RN8209C_Read_Reg  rn8209c_drv.o
    0x0800505c   0x0800505c   0x00000230   Code   RO         5033    i.RN8209C_Reg_Value_2_Buf  rn8209c_reg.o
    0x0800528c   0x0800528c   0x00000054   Code   RO         4842    i.RN8209C_Send      rn8209c_drv.o
    0x080052e0   0x080052e0   0x00000028   Code   RO         4751    i.RN8209C_Set_Calibrate_Func  rn8209c_calibrate.o
    0x08005308   0x08005308   0x0000016c   Code   RO         4890    i.RN8209C_Set_Ctrl_Regs  rn8209c_init.o
    0x08005474   0x08005474   0x00000064   Code   RO         4891    i.RN8209C_Set_DC_Offset  rn8209c_init.o
    0x080054d8   0x080054d8   0x0000003c   Code   RO         4892    i.RN8209C_Set_EVD   rn8209c_init.o
    0x08005514   0x08005514   0x00000028   Code   RO         4893    i.RN8209C_Set_Energy  rn8209c_init.o
    0x0800553c   0x0800553c   0x0000003c   Code   RO         4894    i.RN8209C_Set_Gain  rn8209c_init.o
    0x08005578   0x08005578   0x00000024   Code   RO         4895    i.RN8209C_Set_IB_Gain  rn8209c_init.o
    0x0800559c   0x0800559c   0x0000003c   Code   RO         4896    i.RN8209C_Set_Power_Offset  rn8209c_init.o
    0x080055d8   0x080055d8   0x00000030   Code   RO         4897    i.RN8209C_Set_Power_Start  rn8209c_init.o
    0x08005608   0x08005608   0x00000030   Code   RO         4898    i.RN8209C_Set_SysCtrl  rn8209c_init.o
    0x08005638   0x08005638   0x0000001c   Code   RO         5034    i.RN8209C_Swap_Data  rn8209c_reg.o
    0x08005654   0x08005654   0x0000006c   Code   RO         4843    i.RN8209C_Wait_Ack  rn8209c_drv.o
    0x080056c0   0x080056c0   0x00000080   Code   RO         4844    i.RN8209C_Write_Reg  rn8209c_drv.o
    0x08005740   0x08005740   0x0000000c   Code   RO         3480    i.Reset_Tick        app_global.o
    0x0800574c   0x0800574c   0x00000028   Code   RO         1768    i.SPI_EndRxTxTransaction  stm32f1xx_hal_spi.o
    0x08005774   0x08005774   0x000000d8   Code   RO         1773    i.SPI_WaitFlagStateUntilTimeout  stm32f1xx_hal_spi.o
    0x0800584c   0x0800584c   0x00000002   Code   RO          493    i.SVC_Handler       stm32f1xx_it.o
    0x0800584e   0x0800584e   0x00000002   PAD
    0x08005850   0x08005850   0x00000064   Code   RO         3869    i.Send_Data         app_uart_rcv.o
    0x080058b4   0x080058b4   0x0000000c   Code   RO         4309    i.Set_LED           app_led.o
    0x080058c0   0x080058c0   0x0000005c   Code   RO         4310    i.Set_LED_Pin       app_led.o
    0x0800591c   0x0800591c   0x00000014   Code   RO         4964    i.Set_RN8209C_Main_State  rn8209c_main.o
    0x08005930   0x08005930   0x00000014   Code   RO         4615    i.Set_V9240_Main_State  v9240_main.o
    0x08005944   0x08005944   0x000000b8   Code   RO         4014    i.Storage_Check_Back_Area_1  app_storage_drv.o
    0x080059fc   0x080059fc   0x000000bc   Code   RO         4015    i.Storage_Check_Back_Area_2  app_storage_drv.o
    0x08005ab8   0x08005ab8   0x0000009c   Code   RO         4016    i.Storage_Check_Back_Area_3  app_storage_drv.o
    0x08005b54   0x08005b54   0x000000c4   Code   RO         4017    i.Storage_Check_Main_Area  app_storage_drv.o
    0x08005c18   0x08005c18   0x0000002c   Code   RO         3920    i.Storage_Clear_Handler  app_storage.o
    0x08005c44   0x08005c44   0x0000000c   Code   RO         3921    i.Storage_Handler   app_storage.o
    0x08005c50   0x08005c50   0x00000010   Code   RO         3922    i.Storage_Init      app_storage.o
    0x08005c60   0x08005c60   0x00000038   Code   RO         3923    i.Storage_Save_Handler  app_storage.o
    0x08005c98   0x08005c98   0x00000018   Code   RO         3925    i.Storage_Set_NeedSave_Flag  app_storage.o
    0x08005cb0   0x08005cb0   0x000000a4   Code   RO         4018    i.Storage_Write_Data_To_Flash  app_storage_drv.o
    0x08005d54   0x08005d54   0x0000001c   Code   RO         3639    i.Swap_Buf          app_tool.o
    0x08005d70   0x08005d70   0x00000008   Code   RO          494    i.SysTick_Handler   stm32f1xx_it.o
    0x08005d78   0x08005d78   0x00000066   Code   RO           14    i.SystemClock_Config  main.o
    0x08005dde   0x08005dde   0x00000002   Code   RO         3393    i.SystemInit        system_stm32f1xx.o
    0x08005de0   0x08005de0   0x00000010   Code   RO          495    i.TIM6_IRQHandler   stm32f1xx_it.o
    0x08005df0   0x08005df0   0x00000010   Code   RO          496    i.TIM7_IRQHandler   stm32f1xx_it.o
    0x08005e00   0x08005e00   0x0000009c   Code   RO         2136    i.TIM_Base_SetConfig  stm32f1xx_hal_tim.o
    0x08005e9c   0x08005e9c   0x00000020   Code   RO         3481    i.Tick_Timeout      app_global.o
    0x08005ebc   0x08005ebc   0x00000014   Code   RO         3067    i.UART_DMAAbortOnError  stm32f1xx_hal_uart.o
    0x08005ed0   0x08005ed0   0x00000050   Code   RO         3068    i.UART_DMAError     stm32f1xx_hal_uart.o
    0x08005f20   0x08005f20   0x00000068   Code   RO         3069    i.UART_DMAReceiveCplt  stm32f1xx_hal_uart.o
    0x08005f88   0x08005f88   0x00000020   Code   RO         3071    i.UART_DMARxHalfCplt  stm32f1xx_hal_uart.o
    0x08005fa8   0x08005fa8   0x00000036   Code   RO         3073    i.UART_DMATransmitCplt  stm32f1xx_hal_uart.o
    0x08005fde   0x08005fde   0x0000000e   Code   RO         3075    i.UART_DMATxHalfCplt  stm32f1xx_hal_uart.o
    0x08005fec   0x08005fec   0x00000036   Code   RO         3077    i.UART_EndRxTransfer  stm32f1xx_hal_uart.o
    0x08006022   0x08006022   0x00000020   Code   RO         3078    i.UART_EndTransmit_IT  stm32f1xx_hal_uart.o
    0x08006042   0x08006042   0x00000014   Code   RO         3079    i.UART_EndTxTransfer  stm32f1xx_hal_uart.o
    0x08006056   0x08006056   0x000000e4   Code   RO         3080    i.UART_Receive_IT   stm32f1xx_hal_uart.o
    0x0800613a   0x0800613a   0x00000002   PAD
    0x0800613c   0x0800613c   0x000000fc   Code   RO         3081    i.UART_SetConfig    stm32f1xx_hal_uart.o
    0x08006238   0x08006238   0x00000098   Code   RO         3082    i.UART_Start_Receive_DMA  stm32f1xx_hal_uart.o
    0x080062d0   0x080062d0   0x00000060   Code   RO         3084    i.UART_Transmit_IT  stm32f1xx_hal_uart.o
    0x08006330   0x08006330   0x00000010   Code   RO          497    i.USART1_IRQHandler  stm32f1xx_it.o
    0x08006340   0x08006340   0x00000010   Code   RO          498    i.USART2_IRQHandler  stm32f1xx_it.o
    0x08006350   0x08006350   0x00000010   Code   RO          499    i.USART3_IRQHandler  stm32f1xx_it.o
    0x08006360   0x08006360   0x00000048   Code   RO         3870    i.Uart_Handler      app_uart_rcv.o
    0x080063a8   0x080063a8   0x00000004   Code   RO          500    i.UsageFault_Handler  stm32f1xx_it.o
    0x080063ac   0x080063ac   0x00000058   Code   RO         4653    i.V9240_Analog_Check  v9240_read.o
    0x08006404   0x08006404   0x00000024   Code   RO         4654    i.V9240_Analog_Check1  v9240_read.o
    0x08006428   0x08006428   0x00000024   Code   RO         4357    i.V9240_Calibrate_Adc_DC_Offset  v9240_calibrate.o
    0x0800644c   0x0800644c   0x00000044   Code   RO         4358    i.V9240_Calibrate_Handler  v9240_calibrate.o
    0x08006490   0x08006490   0x00000044   Code   RO         4359    i.V9240_Calibrate_I_And_P  v9240_calibrate.o
    0x080064d4   0x080064d4   0x00000060   Code   RO         4360    i.V9240_Calibrate_I_Gain  v9240_calibrate.o
    0x08006534   0x08006534   0x00000070   Code   RO         4361    i.V9240_Calibrate_P_Gain  v9240_calibrate.o
    0x080065a4   0x080065a4   0x00000078   Code   RO         4362    i.V9240_Calibrate_P_Gain_Offset  v9240_calibrate.o
    0x0800661c   0x0800661c   0x00000040   Code   RO         4363    i.V9240_Calibrate_P_Offset  v9240_calibrate.o
    0x0800665c   0x0800665c   0x00000040   Code   RO         4364    i.V9240_Calibrate_U  v9240_calibrate.o
    0x0800669c   0x0800669c   0x00000060   Code   RO         4365    i.V9240_Calibrate_U_Gain  v9240_calibrate.o
    0x080066fc   0x080066fc   0x00000068   Code   RO         4366    i.V9240_Calibrate_U_I_Offset  v9240_calibrate.o
    0x08006764   0x08006764   0x00000060   Code   RO         4367    i.V9240_Calibrate_Zero  v9240_calibrate.o
    0x080067c4   0x080067c4   0x0000005e   Code   RO         4453    i.V9240_Check_Ack_Pack  v9240_drv.o
    0x08006822   0x08006822   0x00000020   Code   RO         4454    i.V9240_Check_Sum   v9240_drv.o
    0x08006842   0x08006842   0x00000002   PAD
    0x08006844   0x08006844   0x00000038   Code   RO         4616    i.V9240_Handler     v9240_main.o
    0x0800687c   0x0800687c   0x000000a0   Code   RO         4516    i.V9240_Init        v9240_init.o
    0x0800691c   0x0800691c   0x00000044   Code   RO         4517    i.V9240_Init_Adc_DC_Offset  v9240_init.o
    0x08006960   0x08006960   0x0000002c   Code   RO         4518    i.V9240_Init_AnaCtrl_1  v9240_init.o
    0x0800698c   0x0800698c   0x00000020   Code   RO         4519    i.V9240_Init_CheckSum  v9240_init.o
    0x080069ac   0x080069ac   0x0000008a   Code   RO         4520    i.V9240_Init_Func   v9240_init.o
    0x08006a36   0x08006a36   0x00000002   PAD
    0x08006a38   0x08006a38   0x00000028   Code   RO         4521    i.V9240_Init_IA_Gain  v9240_init.o
    0x08006a60   0x08006a60   0x00000028   Code   RO         4522    i.V9240_Init_IA_Offset  v9240_init.o
    0x08006a88   0x08006a88   0x00000024   Code   RO         4523    i.V9240_Init_PA_Gain  v9240_init.o
    0x08006aac   0x08006aac   0x00000024   Code   RO         4524    i.V9240_Init_PA_Offset  v9240_init.o
    0x08006ad0   0x08006ad0   0x00000048   Code   RO         4525    i.V9240_Init_SysCtrl  v9240_init.o
    0x08006b18   0x08006b18   0x00000028   Code   RO         4526    i.V9240_Init_U_Gain  v9240_init.o
    0x08006b40   0x08006b40   0x0000002c   Code   RO         4527    i.V9240_Init_U_Offset  v9240_init.o
    0x08006b6c   0x08006b6c   0x00000110   Code   RO         4694    i.V9240_Parse_Cmd   v9240_reg.o
    0x08006c7c   0x08006c7c   0x000002d0   Code   RO         4655    i.V9240_Read_Handler  v9240_read.o
    0x08006f4c   0x08006f4c   0x0000006c   Code   RO         4455    i.V9240_Read_Reg    v9240_drv.o
    0x08006fb8   0x08006fb8   0x0000020c   Code   RO         4695    i.V9240_Reg_Value_2_Buf  v9240_reg.o
    0x080071c4   0x080071c4   0x0000001c   Code   RO         4528    i.V9240_Reset       v9240_init.o
    0x080071e0   0x080071e0   0x00000064   Code   RO         4456    i.V9240_Send        v9240_drv.o
    0x08007244   0x08007244   0x00000028   Code   RO         4368    i.V9240_Set_Calibrate_Func  v9240_calibrate.o
    0x0800726c   0x0800726c   0x00000080   Code   RO         4457    i.V9240_Wait_Ack    v9240_drv.o
    0x080072ec   0x080072ec   0x00000088   Code   RO         4458    i.V9240_Write_Reg   v9240_drv.o
    0x08007374   0x08007374   0x00000018   Code   RO         4066    i.W25qxx_Check_Busy  app_w25qxx.o
    0x0800738c   0x0800738c   0x00000040   Code   RO         4068    i.W25qxx_Erase_Sector  app_w25qxx.o
    0x080073cc   0x080073cc   0x0000001c   Code   RO         4069    i.W25qxx_Get_Data   app_w25qxx.o
    0x080073e8   0x080073e8   0x0000000c   Code   RO         4070    i.W25qxx_Init       app_w25qxx.o
    0x080073f4   0x080073f4   0x00000020   Code   RO         4071    i.W25qxx_Init_Variables  app_w25qxx.o
    0x08007414   0x08007414   0x0000003c   Code   RO         4072    i.W25qxx_Read       app_w25qxx.o
    0x08007450   0x08007450   0x00000024   Code   RO         4073    i.W25qxx_ReadWrite_Byte  app_w25qxx.o
    0x08007474   0x08007474   0x00000038   Code   RO         4074    i.W25qxx_Read_Reg   app_w25qxx.o
    0x080074ac   0x080074ac   0x0000001c   Code   RO         4075    i.W25qxx_Send_Addr  app_w25qxx.o
    0x080074c8   0x080074c8   0x0000000c   Code   RO         4076    i.W25qxx_Send_Cmd   app_w25qxx.o
    0x080074d4   0x080074d4   0x0000001a   Code   RO         4077    i.W25qxx_Send_Data  app_w25qxx.o
    0x080074ee   0x080074ee   0x00000002   PAD
    0x080074f0   0x080074f0   0x0000003c   Code   RO         4079    i.W25qxx_Wait_Busy  app_w25qxx.o
    0x0800752c   0x0800752c   0x000000cc   Code   RO         4080    i.W25qxx_Write      app_w25qxx.o
    0x080075f8   0x080075f8   0x00000024   Code   RO         4082    i.W25qxx_Write_Enable  app_w25qxx.o
    0x0800761c   0x0800761c   0x00000064   Code   RO         4083    i.W25qxx_Write_Page  app_w25qxx.o
    0x08007680   0x08007680   0x00000070   Code   RO         4084    i.W25qxx_Write_Sector  app_w25qxx.o
    0x080076f0   0x080076f0   0x00000028   Code   RO         5163    i.__ARM_fpclassify  m_ws.l(fpclassify.o)
    0x08007718   0x08007718   0x00000010   Code   RO         1206    i.__NVIC_GetPriorityGrouping  stm32f1xx_hal_cortex.o
    0x08007728   0x08007728   0x00000028   Code   RO         1207    i.__NVIC_SetPriority  stm32f1xx_hal_cortex.o
    0x08007750   0x08007750   0x000000aa   Code   RO         5165    i.__kernel_poly     m_ws.l(poly.o)
    0x080077fa   0x080077fa   0x00000002   PAD
    0x080077fc   0x080077fc   0x00000010   Code   RO         5149    i.__mathlib_dbl_divzero  m_ws.l(dunder.o)
    0x0800780c   0x0800780c   0x00000004   Code   RO         5151    i.__mathlib_dbl_infnan2  m_ws.l(dunder.o)
    0x08007810   0x08007810   0x0000000c   Code   RO         5152    i.__mathlib_dbl_invalid  m_ws.l(dunder.o)
    0x0800781c   0x0800781c   0x0000000e   Code   RO         5153    i.__mathlib_dbl_overflow  m_ws.l(dunder.o)
    0x0800782a   0x0800782a   0x00000002   PAD
    0x0800782c   0x0800782c   0x00000010   Code   RO         5155    i.__mathlib_dbl_underflow  m_ws.l(dunder.o)
    0x0800783c   0x0800783c   0x0000000e   Code   RO         5208    i.__scatterload_copy  mc_w.l(handlers.o)
    0x0800784a   0x0800784a   0x00000002   Code   RO         5209    i.__scatterload_null  mc_w.l(handlers.o)
    0x0800784c   0x0800784c   0x0000000e   Code   RO         5210    i.__scatterload_zeroinit  mc_w.l(handlers.o)
    0x0800785a   0x0800785a   0x00000002   PAD
    0x0800785c   0x0800785c   0x0000000c   Code   RO         5188    i.__set_errno       mc_w.l(errno.o)
    0x08007868   0x08007868   0x00000050   Code   RO           15    i.main              main.o
    0x080078b8   0x080078b8   0x000009d8   Code   RO         5077    i.pow               m_ws.l(pow.o)
    0x08008290   0x08008290   0x0000004c   Code   RO         5087    i.sqrt              m_ws.l(sqrt.o)
    0x080082dc   0x080082dc   0x00000018   Data   RO         3394    .constdata          system_stm32f1xx.o
    0x080082f4   0x080082f4   0x00000004   PAD
    0x080082f8   0x080082f8   0x00000088   Data   RO         5078    .constdata          m_ws.l(pow.o)
    0x08008380   0x08008380   0x00000008   Data   RO         5167    .constdata          m_ws.l(qnan.o)
    0x08008388   0x08008388   0x00000020   Data   RO         5206    Region$$Table       anon$$obj.o


    Execution Region RW_IRAM1 (Exec base: 0x20000000, Load base: 0x080083a8, Size: 0x00003590, Max: 0x0000c000, ABSOLUTE)

    Exec Addr    Load Addr    Size         Type   Attr      Idx    E Section Name        Object

    0x20000000   0x080083a8   0x00000009   Data   RW          738    .data               stm32f1xx_hal.o
    0x20000009   0x080083b1   0x00000003   PAD
    0x2000000c   0x080083b4   0x00000004   Data   RW         3395    .data               system_stm32f1xx.o
    0x20000010   0x080083b8   0x00000002   Data   RW         3751    .data               app_protocol_ydt1363.o
    0x20000012   0x080083ba   0x00000002   PAD
    0x20000014   0x080083bc   0x00000008   Data   RW         4019    .data               app_storage_drv.o
    0x2000001c   0x080083c4   0x00000008   Data   RW         4369    .data               v9240_calibrate.o
    0x20000024   0x080083cc   0x00000001   Data   RW         4617    .data               v9240_main.o
    0x20000025   0x080083cd   0x00000003   PAD
    0x20000028   0x080083d0   0x00000004   Data   RW         4697    .data               v9240_reg.o
    0x2000002c   0x080083d4   0x00000008   Data   RW         4753    .data               rn8209c_calibrate.o
    0x20000034   0x080083dc   0x00000001   Data   RW         4965    .data               rn8209c_main.o
    0x20000035   0x080083dd   0x00000001   PAD
    0x20000036   0x080083de   0x00000002   Data   RW         5036    .data               rn8209c_reg.o
    0x20000038   0x080083e0   0x00000004   Data   RW         5189    .data               mc_w.l(errno.o)
    0x2000003c        -       0x00000058   Zero   RW          289    .bss                spi.o
    0x20000094        -       0x00000090   Zero   RW          333    .bss                tim.o
    0x20000124        -       0x000005c8   Zero   RW          412    .bss                usart.o
    0x200006ec        -       0x0000000c   Zero   RW         3581    .bss                app_test.o
    0x200006f8        -       0x00000014   Zero   RW         3871    .bss                app_uart_rcv.o
    0x2000070c        -       0x00000054   Zero   RW         3926    .bss                app_storage.o
    0x20000760        -       0x0000000c   Zero   RW         4085    .bss                app_w25qxx.o
    0x2000076c        -       0x0000006c   Zero   RW         4201    .bss                app_storage_v9240.o
    0x200007d8        -       0x000000b0   Zero   RW         4256    .bss                app_storage_rn8209c.o
    0x20000888        -       0x00000018   Zero   RW         4311    .bss                app_led.o
    0x200008a0        -       0x0000002c   Zero   RW         4656    .bss                v9240_read.o
    0x200008cc        -       0x000000bc   Zero   RW         4696    .bss                v9240_reg.o
    0x20000988        -       0x00000044   Zero   RW         4752    .bss                rn8209c_calibrate.o
    0x200009cc   0x080083e4   0x00000004   PAD
    0x200009d0        -       0x00000734   Zero   RW         5002    .bss                rn8209c_read.o
    0x20001104        -       0x0000008c   Zero   RW         5035    .bss                rn8209c_reg.o
    0x20001190        -       0x00002400   Zero   RW            1    STACK               startup_stm32f103xe.o


==============================================================================

Image component sizes


      Code (inc. data)   RO Data    RW Data    ZI Data      Debug   Object Name

        44          0          0          0          0       3180   app_global.o
        20          0          0          0          0        469   app_init_variables.o
       448         30          0          0         24       4017   app_led.o
       704         14          0          2          0       6123   app_protocol_ydt1363.o
       948         36          0          0          0       5509   app_responder_ydt.o
       290         30          0          0         84       6864   app_storage.o
       928         36          0          8          0       4364   app_storage_drv.o
        88         14          0          0        176       4842   app_storage_rn8209c.o
        88         14          0          0        108       3574   app_storage_v9240.o
        16          4          0          0         12       1089   app_test.o
       550         28          0          0          0       5768   app_tool.o
       294         34          0          0         20       3353   app_uart_rcv.o
       890         44          0          0         12      11190   app_w25qxx.o
       132          4          0          0          0        778   dma.o
       192         14          0          0          0        903   gpio.o
       188          0          0          0          0     493840   main.o
      2156        220          0          8         68       9805   rn8209c_calibrate.o
       434         18          0          0          0       3363   rn8209c_drv.o
      1074        118          0          0          0       6615   rn8209c_init.o
        88         16          0          1          0       2130   rn8209c_main.o
      1360         78          0          0       1844       2041   rn8209c_read.o
      1026         92          0          2        140       4576   rn8209c_reg.o
       204         20          0          0         88       1633   spi.o
        36          8        304          0       9216        800   startup_stm32f103xe.o
       192         36          0          9          0       6481   stm32f1xx_hal.o
       304         22          0          0          0      29403   stm32f1xx_hal_cortex.o
      1776         28          0          0          0       5837   stm32f1xx_hal_dma.o
       864         40          0          0          0       3297   stm32f1xx_hal_gpio.o
        84          8          0          0          0        886   stm32f1xx_hal_msp.o
      1784        110          0          0          0       5988   stm32f1xx_hal_rcc.o
      1000          6          0          0          0       4445   stm32f1xx_hal_spi.o
       816         44          0          0          0       5603   stm32f1xx_hal_tim.o
       160         22          0          0          0       2397   stm32f1xx_hal_tim_ex.o
      2238         38          0          0          0      14552   stm32f1xx_hal_uart.o
       210         66          0          0          0       9060   stm32f1xx_it.o
         2          0         24          4          0       1115   system_stm32f1xx.o
       360         50          0          0        144       9062   tim.o
      1368        194          0          0       1480       6464   usart.o
       964         98          0          8          0       8763   v9240_calibrate.o
       598         16          0          0          0       7771   v9240_drv.o
       778        114          0          0          0       7281   v9240_init.o
        88         16          0          1          0       2066   v9240_main.o
       844         74          0          0         44       2495   v9240_read.o
      1050        116          0          4        188       3758   v9240_reg.o

    ----------------------------------------------------------------------
     27720       1970        364         56      13652     723550   Object Totals
         0          0         32          0          0          0   (incl. Generated)
        42          0          4          9          4          0   (incl. Padding)

    ----------------------------------------------------------------------

      Code (inc. data)   RO Data    RW Data    ZI Data      Debug   Library Member Name

        62         10          0          0          0        340   dunder.o
        40          0          0          0          0         68   fpclassify.o
       170          0          0          0          0         96   poly.o
      2520        190        136          0          0        324   pow.o
         0          0          8          0          0          0   qnan.o
        76          0          0          0          0         84   sqrt.o
         0          0          0          0          0          0   entry.o
         0          0          0          0          0          0   entry10a.o
         0          0          0          0          0          0   entry11a.o
         8          4          0          0          0          0   entry2.o
         4          0          0          0          0          0   entry5.o
         0          0          0          0          0          0   entry7b.o
         0          0          0          0          0          0   entry8b.o
         8          4          0          0          0          0   entry9a.o
        12          6          0          4          0         68   errno.o
        30          0          0          0          0          0   handlers.o
        36          8          0          0          0         68   init.o
         0          0          0          0          0          0   iusefp.o
        98          0          0          0          0         84   ldiv.o
        30          0          0          0          0         68   llshl.o
        36          0          0          0          0         68   llsshr.o
        32          0          0          0          0         68   llushr.o
        36          0          0          0          0         68   memcpya.o
        36          0          0          0          0        108   memseta.o
        12          0          0          0          0         68   toupper.o
        98          0          0          0          0         92   uldiv.o
        48          0          0          0          0         68   cdrcmple.o
        20          0          0          0          0         68   cfcmple.o
        20          0          0          0          0         68   cfrcmple.o
        56          0          0          0          0         88   d2f.o
       334          0          0          0          0        148   dadd.o
       222          0          0          0          0        100   ddiv.o
       186          0          0          0          0        176   depilogue.o
        50          0          0          0          0         76   dfixui.o
        34          0          0          0          0         76   dflti.o
        26          0          0          0          0         76   dfltui.o
        24          0          0          0          0         76   dfltul.o
       228          0          0          0          0         96   dmul.o
        46          0          0          0          0         80   dscalb.o
       162          0          0          0          0        100   dsqrt.o
        38          0          0          0          0         68   f2d.o
       176          0          0          0          0        140   fadd.o
       124          0          0          0          0         88   fdiv.o
       110          0          0          0          0        168   fepilogue.o
        50          0          0          0          0         68   ffixi.o
        40          0          0          0          0         68   ffixui.o
        18          0          0          0          0         68   fflti.o
        10          0          0          0          0         68   ffltui.o
       100          0          0          0          0         76   fmul.o

    ----------------------------------------------------------------------
      5476        222        144          4          0       3780   Library Totals
        10          0          0          0          0          0   (incl. Padding)

    ----------------------------------------------------------------------

      Code (inc. data)   RO Data    RW Data    ZI Data      Debug   Library Name

      2868        200        144          0          0        912   m_ws.l
       476         22          0          4          0        760   mc_w.l
      2122          0          0          0          0       2108   mf_w.l

    ----------------------------------------------------------------------
      5476        222        144          4          0       3780   Library Totals

    ----------------------------------------------------------------------

==============================================================================


      Code (inc. data)   RO Data    RW Data    ZI Data      Debug   

     33196       2192        508         60      13652     712506   Grand Totals
     33196       2192        508         60      13652     712506   ELF Image Totals
     33196       2192        508         60          0          0   ROM Totals

==============================================================================

    Total RO  Size (Code + RO Data)                33704 (  32.91kB)
    Total RW  Size (RW Data + ZI Data)             13712 (  13.39kB)
    Total ROM Size (Code + RO Data + RW Data)      33764 (  32.97kB)

==============================================================================

